/* Symbol versioning for libmpi.so.20.0.0 (OpenMPI 2.0.0)
 * EXPERIMENTAL
 * Author: Alastair McKinstry  <mckinstry@debian.org>
 * 2016-08-03
 */

OMPI_2.0.0 { 
global:
	MPI_Abort;
	MPI_Accumulate;
	MPI_Add_error_class;
	MPI_Add_error_code;
	MPI_Add_error_string;
	MPI_Address;
	mpi_aint_add_f90;
	mpi_aint_add_f90_;
	mpi_aint_add_f90__;
	MPI_AINT_ADD_F90;
	mpi_aint_diff_f90;
	mpi_aint_diff_f90_;
	mpi_aint_diff_f90__;
	MPI_AINT_DIFF_F90;
	MPI_Allgather;
	MPI_Allgatherv;
	MPI_Alloc_mem;
	MPI_Allreduce;
	MPI_Alltoall;
	MPI_Alltoallv;
	MPI_Alltoallw;
	MPI_Attr_delete;
	MPI_Attr_get;
	MPI_Attr_put;
	MPI_Barrier;
	MPI_Bcast;
	MPI_Bsend;
	MPI_Bsend_init;
	MPI_Buffer_attach;
	MPI_Buffer_detach;
	MPI_Cancel;
	MPI_Cart_coords;
	MPI_Cart_create;
	MPI_Cartdim_get;
	MPI_Cart_get;
	MPI_Cart_map;
	MPI_Cart_rank;
	MPI_Cart_shift;
	MPI_Cart_sub;
	MPI_Close_port;
	MPI_Comm_accept;
	MPI_Comm_c2f;
	MPI_Comm_call_errhandler;
	MPI_Comm_compare;
	MPI_Comm_connect;
	MPI_Comm_create;
	MPI_Comm_create_errhandler;
	MPI_Comm_create_group;
	MPI_Comm_create_keyval;
	MPI_Comm_delete_attr;
	MPI_Comm_disconnect;
	MPI_Comm_dup;
	mpi_comm_dup_fn;
	mpi_comm_dup_fn_;
	mpi_comm_dup_fn__;
	MPI_COMM_DUP_FN;
	MPI_Comm_dup_with_info;
	MPI_Comm_f2c;
	MPI_Comm_free;
	MPI_Comm_free_keyval;
	MPI_Comm_get_attr;
	MPI_Comm_get_errhandler;
	MPI_Comm_get_info;
	MPI_Comm_get_name;
	MPI_Comm_get_parent;
	MPI_Comm_group;
	MPI_Comm_idup;
	MPI_Comm_join;
	mpi_comm_null_copy_fn;
	mpi_comm_null_copy_fn_;
	mpi_comm_null_copy_fn__;
	MPI_COMM_NULL_COPY_FN;
	mpi_comm_null_delete_fn;
	mpi_comm_null_delete_fn_;
	mpi_comm_null_delete_fn__;
	MPI_COMM_NULL_DELETE_FN;
	MPI_Comm_rank;
	MPI_Comm_remote_group;
	MPI_Comm_remote_size;
	MPI_Comm_set_attr;
	MPI_Comm_set_errhandler;
	MPI_Comm_set_info;
	MPI_Comm_set_name;
	MPI_Comm_size;
	MPI_Comm_spawn;
	MPI_Comm_spawn_multiple;
	MPI_Comm_split;
	MPI_Comm_split_type;
	MPI_Comm_test_inter;
	MPI_Compare_and_swap;
	mpi_conversion_fn_null;
	mpi_conversion_fn_null_;
	mpi_conversion_fn_null__;
	MPI_CONVERSION_FN_NULL;
	mpi_conversion_fn_null_f;
	mpidbg_dll_locations;
	MPI_Dims_create;
	MPI_Dist_graph_create;
	MPI_Dist_graph_create_adjacent;
	MPI_Dist_graph_neighbors;
	MPI_Dist_graph_neighbors_count;
	mpi_dup_fn;
	mpi_dup_fn_;
	mpi_dup_fn__;
	MPI_DUP_FN;
	MPI_Errhandler_c2f;
	MPI_Errhandler_create;
	MPI_Errhandler_f2c;
	MPI_Errhandler_free;
	MPI_Errhandler_get;
	MPI_Errhandler_set;
	MPI_Error_class;
	MPI_Error_string;
	MPI_Exscan;
	MPI_Fetch_and_op;
	MPI_File_c2f;
	MPI_File_call_errhandler;
	MPI_File_close;
	MPI_File_create_errhandler;
	MPI_File_delete;
	MPI_File_f2c;
	MPI_File_get_amode;
	MPI_File_get_atomicity;
	MPI_File_get_byte_offset;
	MPI_File_get_errhandler;
	MPI_File_get_group;
	MPI_File_get_info;
	MPI_File_get_position;
	MPI_File_get_position_shared;
	MPI_File_get_size;
	MPI_File_get_type_extent;
	MPI_File_get_view;
	MPI_File_iread;
	MPI_File_iread_all;
	MPI_File_iread_at;
	MPI_File_iread_at_all;
	MPI_File_iread_shared;
	MPI_File_iwrite;
	MPI_File_iwrite_all;
	MPI_File_iwrite_at;
	MPI_File_iwrite_at_all;
	MPI_File_iwrite_shared;
	MPI_File_open;
	MPI_File_preallocate;
	MPI_File_read;
	MPI_File_read_all;
	MPI_File_read_all_begin;
	MPI_File_read_all_end;
	MPI_File_read_at;
	MPI_File_read_at_all;
	MPI_File_read_at_all_begin;
	MPI_File_read_at_all_end;
	MPI_File_read_ordered;
	MPI_File_read_ordered_begin;
	MPI_File_read_ordered_end;
	MPI_File_read_shared;
	MPI_File_seek;
	MPI_File_seek_shared;
	MPI_File_set_atomicity;
	MPI_File_set_errhandler;
	MPI_File_set_info;
	MPI_File_set_size;
	MPI_File_set_view;
	MPI_File_sync;
	MPI_File_write;
	MPI_File_write_all;
	MPI_File_write_all_begin;
	MPI_File_write_all_end;
	MPI_File_write_at;
	MPI_File_write_at_all;
	MPI_File_write_at_all_begin;
	MPI_File_write_at_all_end;
	MPI_File_write_ordered;
	MPI_File_write_ordered_begin;
	MPI_File_write_ordered_end;
	MPI_File_write_shared;
	MPI_Finalize;
	MPI_Finalized;
	mpi_fortran_argv_null_;
	mpi_fortran_argvs_null_;
	mpi_fortran_bottom_;
	mpi_fortran_errcodes_ignore_;
	mpi_fortran_in_place_;
	mpi_fortran_statuses_ignore_;
	mpi_fortran_status_ignore_;
	mpi_fortran_unweighted_;
	mpi_fortran_weights_empty_;
	MPI_Free_mem;
	MPI_F_STATUSES_IGNORE;
	MPI_F_STATUS_IGNORE;
	MPI_Gather;
	MPI_Gatherv;
	MPI_Get;
	MPI_Get_accumulate;
	MPI_Get_address;
	MPI_Get_count;
	MPI_Get_elements;
	MPI_Get_elements_x;
	MPI_Get_library_version;
	MPI_Get_processor_name;
	MPI_Get_version;
	MPI_Graph_create;
	MPI_Graphdims_get;
	MPI_Graph_get;
	MPI_Graph_map;
	MPI_Graph_neighbors;
	MPI_Graph_neighbors_count;
	MPI_Grequest_complete;
	MPI_Grequest_start;
	MPI_Group_c2f;
	MPI_Group_compare;
	MPI_Group_difference;
	MPI_Group_excl;
	MPI_Group_f2c;
	MPI_Group_free;
	MPI_Group_incl;
	MPI_Group_intersection;
	MPI_Group_range_excl;
	MPI_Group_range_incl;
	MPI_Group_rank;
	MPI_Group_size;
	MPI_Group_translate_ranks;
	MPI_Group_union;
	MPI_Iallgather;
	MPI_Iallgatherv;
	MPI_Iallreduce;
	MPI_Ialltoall;
	MPI_Ialltoallv;
	MPI_Ialltoallw;
	MPI_Ibarrier;
	MPI_Ibcast;
	MPI_Ibsend;
	MPI_Iexscan;
	MPI_Igather;
	MPI_Igatherv;
	MPI_Improbe;
	MPI_Imrecv;
	MPI_Ineighbor_allgather;
	MPI_Ineighbor_allgatherv;
	MPI_Ineighbor_alltoall;
	MPI_Ineighbor_alltoallv;
	MPI_Ineighbor_alltoallw;
	MPI_Info_c2f;
	MPI_Info_create;
	MPI_Info_delete;
	MPI_Info_dup;
	MPI_Info_f2c;
	MPI_Info_free;
	MPI_Info_get;
	MPI_Info_get_nkeys;
	MPI_Info_get_nthkey;
	MPI_Info_get_valuelen;
	MPI_Info_set;
	MPI_Init;
	MPI_Initialized;
	MPI_Init_thread;
	MPI_Intercomm_create;
	MPI_Intercomm_merge;
	MPI_Iprobe;
	MPI_Irecv;
	MPI_Ireduce;
	MPI_Ireduce_scatter;
	MPI_Ireduce_scatter_block;
	MPI_Irsend;
	MPI_Iscan;
	MPI_Iscatter;
	MPI_Iscatterv;
	MPI_Isend;
	MPI_Issend;
	MPI_Is_thread_main;
	MPI_Keyval_create;
	MPI_Keyval_free;
	MPI_Lookup_name;
	MPI_Message_c2f;
	MPI_Message_f2c;
	MPI_Mprobe;
	MPI_Mrecv;
	mpimsgq_dll_locations;
	MPI_Neighbor_allgather;
	MPI_Neighbor_allgatherv;
	MPI_Neighbor_alltoall;
	MPI_Neighbor_alltoallv;
	MPI_Neighbor_alltoallw;
	mpi_null_copy_fn;
	mpi_null_copy_fn_;
	mpi_null_copy_fn__;
	MPI_NULL_COPY_FN;
	mpi_null_delete_fn;
	mpi_null_delete_fn_;
	mpi_null_delete_fn__;
	MPI_NULL_DELETE_FN;
	MPI_Op_c2f;
	MPI_Op_commutative;
	MPI_Op_create;
	MPI_Open_port;
	MPI_Op_f2c;
	MPI_Op_free;
	MPI_Pack;
	MPI_Pack_external;
	MPI_Pack_external_size;
	MPI_Pack_size;
	MPI_Pcontrol;
	MPI_Probe;
	MPI_Publish_name;
	MPI_Put;
	MPI_Query_thread;
	MPI_Raccumulate;
	MPIR_being_debugged;
	MPIR_Breakpoint;
	MPIR_debug_abort_string;
	MPIR_debug_gate;
	MPIR_debug_state;
	MPIR_debug_typedefs_sizeof;
	MPIR_dll_name;
	MPI_Recv;
	MPI_Recv_init;
	MPI_Reduce;
	MPI_Reduce_local;
	MPI_Reduce_scatter;
	MPI_Reduce_scatter_block;
	MPI_Register_datarep;
	MPI_Request_c2f;
	MPI_Request_f2c;
	MPI_Request_free;
	MPI_Request_get_status;
	MPI_Rget;
	MPI_Rget_accumulate;
	MPI_Rput;
	MPI_Rsend;
	MPI_Rsend_init;
	MPI_Scan;
	MPI_Scatter;
	MPI_Scatterv;
	MPI_Send;
	MPI_Send_init;
	MPI_Sendrecv;
	MPI_Sendrecv_replace;
	MPI_Ssend;
	MPI_Ssend_init;
	MPI_Start;
	MPI_Startall;
	MPI_Status_c2f;
	MPI_Status_f2c;
	MPI_Status_set_cancelled;
	MPI_Status_set_elements;
	MPI_Status_set_elements_x;
	mpit_big_lock;
	MPI_T_category_changed;
	MPI_T_category_get_categories;
	MPI_T_category_get_cvars;
	MPI_T_category_get_index;
	MPI_T_category_get_info;
	MPI_T_category_get_num;
	MPI_T_category_get_pvars;
	MPI_T_cvar_get_index;
	MPI_T_cvar_get_info;
	MPI_T_cvar_get_num;
	MPI_T_cvar_handle_alloc;
	MPI_T_cvar_handle_free;
	MPI_T_cvar_read;
	MPI_T_cvar_write;
	MPI_T_enum_get_info;
	MPI_T_enum_get_item;
	MPI_Test;
	MPI_Testall;
	MPI_Testany;
	MPI_Test_cancelled;
	MPI_Testsome;
	MPI_T_finalize;
	mpit_init_count;
	MPI_T_init_thread;
	mpit_lock;
	MPI_Topo_test;
	MPI_T_pvar_get_index;
	MPI_T_pvar_get_info;
	MPI_T_pvar_get_num;
	MPI_T_pvar_handle_alloc;
	MPI_T_pvar_handle_free;
	MPI_T_pvar_read;
	MPI_T_pvar_readreset;
	MPI_T_pvar_reset;
	MPI_T_pvar_session_create;
	MPI_T_pvar_session_free;
	MPI_T_pvar_start;
	MPI_T_pvar_stop;
	MPI_T_pvar_write;
	mpit_unlock;
	MPI_Type_c2f;
	MPI_Type_commit;
	MPI_Type_contiguous;
	MPI_Type_create_darray;
	MPI_Type_create_f90_complex;
	MPI_Type_create_f90_integer;
	MPI_Type_create_f90_real;
	MPI_Type_create_hindexed;
	MPI_Type_create_hindexed_block;
	MPI_Type_create_hvector;
	MPI_Type_create_indexed_block;
	MPI_Type_create_keyval;
	MPI_Type_create_resized;
	MPI_Type_create_struct;
	MPI_Type_create_subarray;
	MPI_Type_delete_attr;
	MPI_Type_dup;
	mpi_type_dup_fn;
	mpi_type_dup_fn_;
	mpi_type_dup_fn__;
	MPI_TYPE_DUP_FN;
	MPI_Type_extent;
	MPI_Type_f2c;
	MPI_Type_free;
	MPI_Type_free_keyval;
	MPI_Type_get_attr;
	MPI_Type_get_contents;
	MPI_Type_get_envelope;
	MPI_Type_get_extent;
	MPI_Type_get_extent_x;
	MPI_Type_get_name;
	MPI_Type_get_true_extent;
	MPI_Type_get_true_extent_x;
	MPI_Type_hindexed;
	MPI_Type_hvector;
	MPI_Type_indexed;
	MPI_Type_lb;
	MPI_Type_match_size;
	mpi_type_null_copy_fn;
	mpi_type_null_copy_fn_;
	mpi_type_null_copy_fn__;
	MPI_TYPE_NULL_COPY_FN;
	mpi_type_null_delete_fn;
	mpi_type_null_delete_fn_;
	mpi_type_null_delete_fn__;
	MPI_TYPE_NULL_DELETE_FN;
	MPI_Type_set_attr;
	MPI_Type_set_name;
	MPI_Type_size;
	MPI_Type_size_x;
	MPI_Type_struct;
	MPI_Type_ub;
	MPI_Type_vector;
	MPI_Unpack;
	MPI_Unpack_external;
	MPI_Unpublish_name;
	MPI_Wait;
	MPI_Waitall;
	MPI_Waitany;
	MPI_Waitsome;
	MPI_Win_allocate;
	MPI_Win_allocate_shared;
	MPI_Win_attach;
	MPI_Win_c2f;
	MPI_Win_call_errhandler;
	MPI_Win_complete;
	MPI_Win_create;
	MPI_Win_create_dynamic;
	MPI_Win_create_errhandler;
	MPI_Win_create_keyval;
	MPI_Win_delete_attr;
	MPI_Win_detach;
	mpi_win_dup_fn;
	mpi_win_dup_fn_;
	mpi_win_dup_fn__;
	MPI_WIN_DUP_FN;
	MPI_Win_f2c;
	MPI_Win_fence;
	MPI_Win_flush;
	MPI_Win_flush_all;
	MPI_Win_flush_local;
	MPI_Win_flush_local_all;
	MPI_Win_free;
	MPI_Win_free_keyval;
	MPI_Win_get_attr;
	MPI_Win_get_errhandler;
	MPI_Win_get_group;
	MPI_Win_get_info;
	MPI_Win_get_name;
	MPI_Win_lock;
	MPI_Win_lock_all;
	mpi_win_null_copy_fn;
	mpi_win_null_copy_fn_;
	mpi_win_null_copy_fn__;
	MPI_WIN_NULL_COPY_FN;
	mpi_win_null_delete_fn;
	mpi_win_null_delete_fn_;
	mpi_win_null_delete_fn__;
	MPI_WIN_NULL_DELETE_FN;
	MPI_Win_post;
	MPI_Win_set_attr;
	MPI_Win_set_errhandler;
	MPI_Win_set_info;
	MPI_Win_set_name;
	MPI_Win_shared_query;
	MPI_Win_start;
	MPI_Win_sync;
	MPI_Win_test;
	MPI_Win_unlock;
	MPI_Win_unlock_all;
	MPI_Win_wait;
	MPI_Wtick;
	mpi_wtick_f90;
	mpi_wtick_f90_;
	mpi_wtick_f90__;
	MPI_WTICK_F90;
	MPI_Wtime;
	mpi_wtime_f90;
	mpi_wtime_f90_;
	mpi_wtime_f90__;
	MPI_WTIME_F90;
	MPIX_Query_cuda_support;
	ompi_add_procs_cutoff;
	OMPI_Affinity_str;
	ompi_attr_copy_all;
	ompi_attr_create_keyval;
	ompi_attr_create_keyval_aint;
	ompi_attr_create_keyval_fint;
	ompi_attr_create_predefined;
	ompi_attr_delete;
	ompi_attr_delete_all;
	ompi_attr_finalize;
	ompi_attr_free_keyval;
	ompi_attr_free_predefined;
	ompi_attr_get_c;
	ompi_attr_get_fortran_mpi1;
	ompi_attr_get_fortran_mpi2;
	ompi_attr_init;
	ompi_attr_set_c;
	ompi_attr_set_fortran_mpi1;
	ompi_attr_set_fortran_mpi2;
	ompi_bml_base_framework;
	OMPI_C_MPI_COMM_DUP_FN;
	OMPI_C_MPI_COMM_NULL_COPY_FN;
	OMPI_C_MPI_COMM_NULL_DELETE_FN;
	OMPI_C_MPI_DUP_FN;
	OMPI_C_MPI_NULL_COPY_FN;
	OMPI_C_MPI_NULL_DELETE_FN;
	OMPI_C_MPI_TYPE_DUP_FN;
	OMPI_C_MPI_TYPE_NULL_COPY_FN;
	OMPI_C_MPI_TYPE_NULL_DELETE_FN;
	OMPI_C_MPI_WIN_DUP_FN;
	OMPI_C_MPI_WIN_NULL_COPY_FN;
	OMPI_C_MPI_WIN_NULL_DELETE_FN;
	ompi_coll_base_allgather_intra_basic_linear;
	ompi_coll_base_allgather_intra_bruck;
	ompi_coll_base_allgather_intra_neighborexchange;
	ompi_coll_base_allgather_intra_recursivedoubling;
	ompi_coll_base_allgather_intra_ring;
	ompi_coll_base_allgather_intra_two_procs;
	ompi_coll_base_allgatherv_intra_basic_default;
	ompi_coll_base_allgatherv_intra_bruck;
	ompi_coll_base_allgatherv_intra_neighborexchange;
	ompi_coll_base_allgatherv_intra_ring;
	ompi_coll_base_allgatherv_intra_two_procs;
	ompi_coll_base_allreduce_intra_basic_linear;
	ompi_coll_base_allreduce_intra_nonoverlapping;
	ompi_coll_base_allreduce_intra_recursivedoubling;
	ompi_coll_base_allreduce_intra_ring;
	ompi_coll_base_allreduce_intra_ring_segmented;
	ompi_coll_base_alltoall_intra_basic_linear;
	ompi_coll_base_alltoall_intra_bruck;
	ompi_coll_base_alltoall_intra_linear_sync;
	ompi_coll_base_alltoall_intra_pairwise;
	ompi_coll_base_alltoall_intra_two_procs;
	ompi_coll_base_alltoallv_intra_basic_linear;
	ompi_coll_base_alltoallv_intra_pairwise;
	ompi_coll_base_barrier_intra_basic_linear;
	ompi_coll_base_barrier_intra_bruck;
	ompi_coll_base_barrier_intra_doublering;
	ompi_coll_base_barrier_intra_recursivedoubling;
	ompi_coll_base_barrier_intra_tree;
	ompi_coll_base_barrier_intra_two_procs;
	ompi_coll_base_bcast_intra_basic_linear;
	ompi_coll_base_bcast_intra_binomial;
	ompi_coll_base_bcast_intra_bintree;
	ompi_coll_base_bcast_intra_chain;
	ompi_coll_base_bcast_intra_generic;
	ompi_coll_base_bcast_intra_pipeline;
	ompi_coll_base_bcast_intra_split_bintree;
	ompi_coll_base_framework;
	ompi_coll_base_gather_intra_basic_linear;
	ompi_coll_base_gather_intra_binomial;
	ompi_coll_base_gather_intra_linear_sync;
	ompi_coll_base_reduce_generic;
	ompi_coll_base_reduce_intra_basic_linear;
	ompi_coll_base_reduce_intra_binary;
	ompi_coll_base_reduce_intra_binomial;
	ompi_coll_base_reduce_intra_chain;
	ompi_coll_base_reduce_intra_in_order_binary;
	ompi_coll_base_reduce_intra_pipeline;
	ompi_coll_base_reduce_scatter_intra_basic_recursivehalving;
	ompi_coll_base_reduce_scatter_intra_nonoverlapping;
	ompi_coll_base_reduce_scatter_intra_ring;
	ompi_coll_base_scatter_intra_basic_linear;
	ompi_coll_base_scatter_intra_binomial;
	ompi_coll_base_sendrecv_nonzero_actual;
	ompi_coll_base_topo_build_bmtree;
	ompi_coll_base_topo_build_chain;
	ompi_coll_base_topo_build_in_order_bintree;
	ompi_coll_base_topo_build_in_order_bmtree;
	ompi_coll_base_topo_build_tree;
	ompi_coll_base_topo_destroy_tree;
	ompi_coll_base_topo_dump_tree;
	ompi_comm_activate;
	ompi_comm_activate_nb;
	ompi_comm_allocate;
	ompi_comm_cid_init;
	ompi_comm_compare;
	ompi_comm_create;
	ompi_comm_create_group;
	ompi_comm_determine_first;
	ompi_comm_dump;
	ompi_comm_dup;
	ompi_comm_dup_fn_f;
	ompi_comm_dup_with_info;
	ompi_comm_enable;
	ompi_comm_finalize;
	ompi_comm_free;
	ompi_comm_f_to_c_table;
	ompi_comm_get_rprocs;
	ompi_comm_group;
	ompi_comm_idup;
	ompi_comm_idup_with_info;
	ompi_comm_init;
	ompi_comm_link_function;
	ompi_comm_neighbors;
	ompi_comm_neighbors_count;
	ompi_comm_nextcid;
	ompi_comm_nextcid_nb;
	ompi_comm_null_copy_fn_f;
	ompi_comm_null_delete_fn_f;
	ompi_comm_num_dyncomm;
	ompi_comm_overlapping_groups;
	ompi_comm_reg_finalize;
	ompi_comm_reg_init;
	ompi_comm_reg_t_class;
	ompi_comm_request_fini;
	ompi_comm_request_get;
	ompi_comm_request_init;
	ompi_comm_request_initialized;
	ompi_comm_request_item_t_class;
	ompi_comm_request_progress_active;
	ompi_comm_request_return;
	ompi_comm_request_schedule_append;
	ompi_comm_request_start;
	ompi_comm_request_t_class;
	ompi_comm_set;
	ompi_comm_set_name;
	ompi_comm_set_nb;
	ompi_comm_split;
	ompi_comm_split_type;
	ompi_communicator_t_class;
	ompi_communicator_t_type_force_inclusion;
	ompi_datatype_basicDatatypes;
	ompi_datatype_copy_args;
	ompi_datatype_create;
	ompi_datatype_create_contiguous;
	ompi_datatype_create_darray;
	ompi_datatype_create_from_packed_description;
	ompi_datatype_create_hindexed;
	ompi_datatype_create_hindexed_block;
	ompi_datatype_create_hvector;
	ompi_datatype_create_indexed;
	ompi_datatype_create_indexed_block;
	ompi_datatype_create_struct;
	ompi_datatype_create_subarray;
	ompi_datatype_create_vector;
	ompi_datatype_default_convertors_fini;
	ompi_datatype_default_convertors_init;
	ompi_datatype_destroy;
	ompi_datatype_dfd;
	ompi_datatype_dump;
	ompi_datatype_duplicate;
	ompi_datatype_external32_arch_id;
	ompi_datatype_finalize;
	ompi_datatype_f_to_c_table;
	ompi_datatype_get_args;
	ompi_datatype_get_elements;
	ompi_datatype_get_pack_description;
	ompi_datatype_get_single_predefined_type_from_args;
	ompi_datatype_init;
	ompi_datatype_match_size;
	ompi_datatype_number_of_predefined_data;
	ompi_datatype_pack_description_length;
	ompi_datatype_print_args;
	ompi_datatype_release_args;
	ompi_datatype_set_args;
	ompi_datatype_sndrcv;
	ompi_datatype_t_class;
	ompi_datatype_t_type_force_inclusion;
	ompi_debugger_notify_abort;
	ompi_debugger_setup_dlls;
	ompi_debug_no_free_handles;
	ompi_debug_show_handle_leaks;
	ompi_debug_show_mpi_alloc_mem_leaks;
	ompi_dpm_close_port;
	ompi_dpm_connect_accept;
	ompi_dpm_disconnect;
	ompi_dpm_dyn_finalize;
	ompi_dpm_dyn_init;
	ompi_dpm_finalize;
	ompi_dpm_init;
	ompi_dpm_mark_dyncomm;
	ompi_dpm_open_port;
	ompi_dpm_spawn;
	ompi_dup_fn_f;
	ompi_enable_timing;
	ompi_enable_timing_ext;
	ompi_errcode_intern_finalize;
	ompi_errcode_intern_init;
	ompi_errcode_intern_lastused;
	ompi_errcode_intern_t_class;
	ompi_errcodes_intern;
	ompi_errhandler_create;
	ompi_errhandler_finalize;
	ompi_errhandler_f_to_c_table;
	ompi_errhandler_init;
	ompi_errhandler_invoke;
	ompi_errhandler_request_invoke;
	ompi_errhandler_runtime_callback;
	ompi_errhandler_t_class;
	ompi_err_unknown;
	ompi_fbtl_base_framework;
	ompi_fcoll_base_framework;
	ompi_file_close;
	ompi_file_finalize;
	ompi_file_f_to_c_table;
	ompi_file_init;
	ompi_file_open;
	ompi_file_t_class;
	ompi_fortran_argv_f2c;
	ompi_fortran_multiple_argvs_f2c;
	ompi_fortran_string_c2f;
	ompi_fortran_string_f2c;
	ompi_fs_base_framework;
	ompi_grequest_complete;
	ompi_grequest_invoke_query;
	ompi_grequest_start;
	ompi_grequest_t_class;
	ompi_group_allocate;
	ompi_group_allocate_bmap;
	ompi_group_allocate_plist_w_procs;
	ompi_group_allocate_sporadic;
	ompi_group_allocate_strided;
	ompi_group_calc_bmap;
	ompi_group_calc_plist;
	ompi_group_calc_sporadic;
	ompi_group_calc_strided;
	ompi_group_compare;
	ompi_group_decrement_proc_count;
	ompi_group_difference;
	ompi_group_div_ceil;
	ompi_group_dump;
	ompi_group_excl;
	ompi_group_finalize;
	ompi_group_free;
	ompi_group_f_to_c_table;
	ompi_group_get_proc_ptr_raw;
	ompi_group_have_remote_peers;
	ompi_group_incl;
	ompi_group_incl_bmap;
	ompi_group_incl_plist;
	ompi_group_incl_spor;
	ompi_group_incl_strided;
	ompi_group_increment_proc_count;
	ompi_group_init;
	ompi_group_intersection;
	ompi_group_minloc;
	ompi_group_range_excl;
	ompi_group_range_incl;
	ompi_group_t_class;
	ompi_group_translate_ranks;
	ompi_group_translate_ranks_bmap;
	ompi_group_translate_ranks_bmap_reverse;
	ompi_group_translate_ranks_sporadic;
	ompi_group_translate_ranks_sporadic_reverse;
	ompi_group_translate_ranks_strided;
	ompi_group_translate_ranks_strided_reverse;
	ompi_group_t_type_force_inclusion;
	ompi_group_union;
	ompi_have_sparse_group_storage;
	ompi_info_close_components;
	ompi_info_delete;
	ompi_info_dup;
	ompi_info_entry_t_class;
	ompi_info_finalize;
	ompi_info_free;
	ompi_info_f_to_c_table;
	ompi_info_get;
	ompi_info_get_bool;
	ompi_info_get_nthkey;
	ompi_info_get_value_enum;
	ompi_info_get_valuelen;
	ompi_info_init;
	ompi_info_register_framework_params;
	ompi_info_register_types;
	ompi_info_set;
	ompi_info_set_value_enum;
	ompi_info_show_ompi_version;
	ompi_info_t_class;
	ompi_info_type_base;
	ompi_info_type_ompi;
	ompi_info_value_to_bool;
	ompi_info_value_to_int;
	ompi_init_preconnect_mpi;
	ompi_io_base_framework;
	ompi_message_finalize;
	ompi_message_free_list;
	ompi_message_f_to_c_table;
	ompi_message_init;
	ompi_message_no_proc;
	ompi_message_null;
	ompi_message_t_class;
	ompi_mpi_2cplex;
	ompi_mpi_2dblcplex;
	ompi_mpi_2dblprec;
	ompi_mpi_2dblprec_addr;
	ompi_mpi_2int;
	ompi_mpi_2integer;
	ompi_mpi_2integer_addr;
	ompi_mpi_2real;
	ompi_mpi_2real_addr;
	ompi_mpi_abort;
	ompi_mpi_aint;
	ompi_mpi_bootstrap_mutex;
	ompi_mpi_byte;
	ompi_mpi_c_bool;
	ompi_mpi_c_complex;
	ompi_mpi_c_double_complex;
	ompi_mpi_c_float_complex;
	ompi_mpi_char;
	ompi_mpi_character;
	ompi_mpi_character_addr;
	ompi_mpi_c_long_double_complex;
	ompi_mpi_comm_null;
	ompi_mpi_comm_null_addr;
	ompi_mpi_comm_parent;
	ompi_mpi_comm_self;
	ompi_mpi_comm_self_addr;
	ompi_mpi_communicators;
	ompi_mpi_comm_world;
	ompi_mpi_comm_world_addr;
	ompi_mpi_complex16;
	ompi_mpi_complex16_addr;
	ompi_mpi_complex32;
	ompi_mpi_complex32_addr;
	ompi_mpi_complex8;
	ompi_mpi_complex8_addr;
	ompi_mpi_count;
	ompi_mpi_cplex;
	ompi_mpi_cplex_addr;
	ompi_mpi_cxx_bool;
	ompi_mpi_cxx_cplex;
	ompi_mpi_cxx_dblcplex;
	ompi_mpi_cxx_ldblcplex;
	ompi_mpi_datatype_null;
	ompi_mpi_dblcplex;
	ompi_mpi_dblcplex_addr;
	ompi_mpi_dblprec;
	ompi_mpi_dblprec_addr;
	ompi_mpi_double;
	ompi_mpi_double_int;
	ompi_mpi_dynamics_enabled;
	ompi_mpi_errclass_add;
	ompi_mpi_errcode_add;
	ompi_mpi_errcode_finalize;
	ompi_mpi_errcode_init;
	ompi_mpi_errcode_lastpredefined;
	ompi_mpi_errcode_lastused;
	ompi_mpi_errcodes;
	ompi_mpi_errcode_t_class;
	ompi_mpi_errhandler_null;
	ompi_mpi_errhandler_null_addr;
	ompi_mpi_errnum_add_string;
	ompi_mpi_errors_are_fatal;
	ompi_mpi_errors_are_fatal_addr;
	ompi_mpi_errors_are_fatal_comm_handler;
	ompi_mpi_errors_are_fatal_file_handler;
	ompi_mpi_errors_are_fatal_win_handler;
	ompi_mpi_errors_return;
	ompi_mpi_errors_return_addr;
	ompi_mpi_errors_return_comm_handler;
	ompi_mpi_errors_return_file_handler;
	ompi_mpi_errors_return_win_handler;
	ompi_mpi_errors_throw_exceptions;
	ompi_mpi_errors_throw_exceptions_addr;
	ompi_mpi_event_tick_rate;
	ompi_mpiext_components;
	ompi_mpi_external32_convertor;
	ompi_mpiext_fini;
	ompi_mpiext_init;
	ompi_mpi_f90_complex_hashtable;
	ompi_mpi_f90_integer_hashtable;
	ompi_mpi_f90_real_hashtable;
	ompi_mpi_file_null;
	ompi_mpi_file_null_addr;
	ompi_mpi_finalize;
	ompi_mpi_finalized;
	ompi_mpi_finalize_started;
	ompi_mpi_float;
	ompi_mpi_float_int;
	ompi_mpi_group_empty;
	ompi_mpi_group_empty_addr;
	ompi_mpi_group_null;
	ompi_mpi_group_null_addr;
	ompi_mpi_have_sparse_group_storage;
	ompi_mpi_info_env;
	ompi_mpi_info_null;
	ompi_mpi_info_null_addr;
	ompi_mpi_init;
	ompi_mpi_initialized;
	ompi_mpi_init_started;
	ompi_mpi_int;
	ompi_mpi_int16_t;
	ompi_mpi_int32_t;
	ompi_mpi_int64_t;
	ompi_mpi_int8_t;
	ompi_mpi_integer;
	ompi_mpi_integer1;
	ompi_mpi_integer16;
	ompi_mpi_integer16_addr;
	ompi_mpi_integer1_addr;
	ompi_mpi_integer2;
	ompi_mpi_integer2_addr;
	ompi_mpi_integer4;
	ompi_mpi_integer4_addr;
	ompi_mpi_integer8;
	ompi_mpi_integer8_addr;
	ompi_mpi_integer_addr;
	ompi_mpi_keep_fqdn_hostnames;
	ompi_mpi_lb;
	ompi_mpi_ldblcplex;
	ompi_mpi_local_convertor;
	ompi_mpi_logical;
	ompi_mpi_logical1;
	ompi_mpi_logical1_addr;
	ompi_mpi_logical2;
	ompi_mpi_logical2_addr;
	ompi_mpi_logical4;
	ompi_mpi_logical4_addr;
	ompi_mpi_logical8;
	ompi_mpi_logical8_addr;
	ompi_mpi_logical_addr;
	ompi_mpi_long;
	ompi_mpi_longdbl_int;
	ompi_mpi_long_double;
	ompi_mpi_long_int;
	ompi_mpi_long_long_int;
	ompi_mpi_main_thread;
	ompi_mpi_offset;
	ompi_mpi_op_band;
	ompi_mpi_op_band_addr;
	ompi_mpi_op_bor;
	ompi_mpi_op_bor_addr;
	ompi_mpi_op_bxor;
	ompi_mpi_op_bxor_addr;
	ompi_mpi_op_land;
	ompi_mpi_op_land_addr;
	ompi_mpi_op_lor;
	ompi_mpi_op_lor_addr;
	ompi_mpi_op_lxor;
	ompi_mpi_op_lxor_addr;
	ompi_mpi_op_max;
	ompi_mpi_op_max_addr;
	ompi_mpi_op_maxloc;
	ompi_mpi_op_maxloc_addr;
	ompi_mpi_op_min;
	ompi_mpi_op_min_addr;
	ompi_mpi_op_minloc;
	ompi_mpi_op_minloc_addr;
	ompi_mpi_op_no_op;
	ompi_mpi_op_no_op_addr;
	ompi_mpi_op_null;
	ompi_mpi_op_null_addr;
	ompi_mpi_op_prod;
	ompi_mpi_op_prod_addr;
	ompi_mpi_op_replace;
	ompi_mpi_op_replace_addr;
	ompi_mpi_op_sum;
	ompi_mpi_op_sum_addr;
	ompi_mpi_packed;
	ompi_mpi_param_check;
	ompi_mpi_preconnect_mpi;
	ompi_mpi_real;
	ompi_mpi_real16;
	ompi_mpi_real16_addr;
	ompi_mpi_real2;
	ompi_mpi_real4;
	ompi_mpi_real4_addr;
	ompi_mpi_real8;
	ompi_mpi_real8_addr;
	ompi_mpi_real_addr;
	ompi_mpi_register_params;
	ompi_mpi_short;
	ompi_mpi_short_int;
	ompi_mpi_show_mca_params;
	ompi_mpi_show_mca_params_file;
	ompi_mpi_show_mca_params_string;
	ompi_mpi_signed_char;
	ompi_mpi_statuses_ignore_addr;
	ompi_mpi_status_ignore_addr;
	ompi_mpi_thread_level;
	ompi_mpi_thread_multiple;
	ompi_mpi_thread_provided;
	ompi_mpi_thread_requested;
	ompi_mpi_ub;
	ompi_mpi_uint16_t;
	ompi_mpi_uint32_t;
	ompi_mpi_uint64_t;
	ompi_mpi_uint8_t;
	ompi_mpi_unavailable;
	ompi_mpi_unsigned;
	ompi_mpi_unsigned_char;
	ompi_mpi_unsigned_long;
	ompi_mpi_unsigned_long_long;
	ompi_mpi_unsigned_short;
	ompi_mpi_wchar;
	ompi_mpi_windows;
	ompi_mpi_win_null;
	ompi_mpi_win_null_addr;
	ompi_mpi_yield_when_idle;
	ompi_mtl;
	ompi_mtl_base_framework;
	ompi_mtl_base_select;
	ompi_mtl_base_selected_component;
	ompi_namelist_t_class;
	ompi_null_copy_fn_f;
	ompi_null_delete_fn_f;
	ompi_op_base_3buff_functions;
	ompi_op_base_find_available;
	ompi_op_base_framework;
	ompi_op_base_functions;
	ompi_op_base_module_1_0_0_t_class;
	ompi_op_base_module_t_class;
	ompi_op_base_op_select;
	ompi_op_create_user;
	ompi_op_ddt_map;
	ompi_op_finalize;
	ompi_op_f_to_c_table;
	ompi_op_init;
	ompi_op_set_cxx_callback;
	ompi_op_set_java_callback;
	ompi_op_t_class;
	ompi_orte_tracker_t_class;
	ompi_osc_base_finalize;
	ompi_osc_base_find_available;
	ompi_osc_base_framework;
	ompi_osc_base_get_primitive_type_info;
	ompi_osc_base_process_op;
	ompi_osc_base_select;
	ompi_osc_base_sndrcv_op;
	ompi_pml_base_bsend_allocator_name;
	ompi_pml_base_framework;
	ompi_proc_all;
	ompi_proc_complete_init;
	ompi_proc_complete_init_single;
	ompi_proc_finalize;
	ompi_proc_find;
	ompi_proc_find_and_add;
	ompi_proc_for_name;
	ompi_proc_get_allocated;
	ompi_proc_init;
	ompi_proc_list;
	ompi_proc_local_proc;
	ompi_proc_lookup;
	ompi_proc_pack;
	ompi_proc_refresh;
	ompi_proc_self;
	ompi_proc_t_class;
	ompi_proc_unpack;
	ompi_proc_world;
	ompi_proc_world_size;
	ompi_registered_datareps;
	ompi_request_completed;
	ompi_request_cond;
	ompi_request_default_test;
	ompi_request_default_test_all;
	ompi_request_default_test_any;
	ompi_request_default_test_some;
	ompi_request_default_wait;
	ompi_request_default_wait_all;
	ompi_request_default_wait_any;
	ompi_request_default_wait_some;
	ompi_request_empty;
	ompi_request_failed;
	ompi_request_finalize;
	ompi_request_f_to_c_table;
	ompi_request_functions;
	ompi_request_init;
	ompi_request_lock;
	ompi_request_null;
	ompi_request_null_addr;
	ompi_request_persistent_proc_null_free;
	ompi_request_t_class;
	ompi_request_t_type_force_inclusion;
	ompi_request_waiting;
	ompi_rte_abort;
	ompi_rte_base_framework;
	ompi_rte_initialized;
	ompi_rte_orte_component_version_string;
	ompi_rte_wait_for_debugger;
	ompi_seq_tracker_check_duplicate;
	ompi_seq_tracker_copy;
	ompi_seq_tracker_insert;
	ompi_seq_tracker_range_t_class;
	ompi_seq_tracker_t_class;
	ompi_set_group_rank;
	ompi_sharedfp_base_framework;
	ompi_show_all_mca_params;
	ompi_status_empty;
	ompi_status_public_t_type_force_inclusion;
	ompi_test_fortran_constants;
	ompi_test_fortran_constants_;
	ompi_test_fortran_constants__;
	OMPI_TEST_FORTRAN_CONSTANTS;
	ompi_test_fortran_constants_f;
	ompit_opal_to_mpit_error;
	ompi_topo_base_framework;
	ompit_var_type_to_datatype;
	ompi_type_dup_fn_f;
	ompi_type_null_copy_fn_f;
	ompi_type_null_delete_fn_f;
	ompi_use_sparse_group_storage;
	ompi_version_string;
	ompi_vprotocol_base_framework;
	ompi_win_accumulate_ops;
	ompi_win_allocate;
	ompi_win_allocate_shared;
	ompi_win_create;
	ompi_win_create_dynamic;
	ompi_win_dup_fn_f;
	ompi_win_finalize;
	ompi_win_free;
	ompi_win_get_name;
	ompi_win_group;
	ompi_win_init;
	ompi_win_null_copy_fn_f;
	ompi_win_null_delete_fn_f;
	ompi_win_set_name;
	ompi_win_t_class;
	opal_datatype_t_type_force_inclusion;
	opal_free_list_item_t_type_force_inclusion;
	opal_free_list_t_type_force_inclusion;
	opal_list_item_t_type_force_inclusion;
	opal_list_t_type_force_inclusion;
	opal_pointer_array_t_type_force_inclusion;
	PMPI_Abort;
	PMPI_Accumulate;
	PMPI_Add_error_class;
	PMPI_Add_error_code;
	PMPI_Add_error_string;
	PMPI_Address;
	PMPI_Allgather;
	PMPI_Allgatherv;
	PMPI_Alloc_mem;
	PMPI_Allreduce;
	PMPI_Alltoall;
	PMPI_Alltoallv;
	PMPI_Alltoallw;
	PMPI_Attr_delete;
	PMPI_Attr_get;
	PMPI_Attr_put;
	PMPI_Barrier;
	PMPI_Bcast;
	PMPI_Bsend;
	PMPI_Bsend_init;
	PMPI_Buffer_attach;
	PMPI_Buffer_detach;
	PMPI_Cancel;
	PMPI_Cart_coords;
	PMPI_Cart_create;
	PMPI_Cartdim_get;
	PMPI_Cart_get;
	PMPI_Cart_map;
	PMPI_Cart_rank;
	PMPI_Cart_shift;
	PMPI_Cart_sub;
	PMPI_Close_port;
	PMPI_Comm_accept;
	PMPI_Comm_c2f;
	PMPI_Comm_call_errhandler;
	PMPI_Comm_compare;
	PMPI_Comm_connect;
	PMPI_Comm_create;
	PMPI_Comm_create_errhandler;
	PMPI_Comm_create_group;
	PMPI_Comm_create_keyval;
	PMPI_Comm_delete_attr;
	PMPI_Comm_disconnect;
	PMPI_Comm_dup;
	PMPI_Comm_dup_with_info;
	PMPI_Comm_f2c;
	PMPI_Comm_free;
	PMPI_Comm_free_keyval;
	PMPI_Comm_get_attr;
	PMPI_Comm_get_errhandler;
	PMPI_Comm_get_info;
	PMPI_Comm_get_name;
	PMPI_Comm_get_parent;
	PMPI_Comm_group;
	PMPI_Comm_idup;
	PMPI_Comm_join;
	PMPI_Comm_rank;
	PMPI_Comm_remote_group;
	PMPI_Comm_remote_size;
	PMPI_Comm_set_attr;
	PMPI_Comm_set_errhandler;
	PMPI_Comm_set_info;
	PMPI_Comm_set_name;
	PMPI_Comm_size;
	PMPI_Comm_spawn;
	PMPI_Comm_spawn_multiple;
	PMPI_Comm_split;
	PMPI_Comm_split_type;
	PMPI_Comm_test_inter;
	PMPI_Compare_and_swap;
	PMPI_Dims_create;
	PMPI_Dist_graph_create;
	PMPI_Dist_graph_create_adjacent;
	PMPI_Dist_graph_neighbors;
	PMPI_Dist_graph_neighbors_count;
	PMPI_Errhandler_c2f;
	PMPI_Errhandler_create;
	PMPI_Errhandler_f2c;
	PMPI_Errhandler_free;
	PMPI_Errhandler_get;
	PMPI_Errhandler_set;
	PMPI_Error_class;
	PMPI_Error_string;
	PMPI_Exscan;
	PMPI_Fetch_and_op;
	PMPI_File_c2f;
	PMPI_File_call_errhandler;
	PMPI_File_close;
	PMPI_File_create_errhandler;
	PMPI_File_delete;
	PMPI_File_f2c;
	PMPI_File_get_amode;
	PMPI_File_get_atomicity;
	PMPI_File_get_byte_offset;
	PMPI_File_get_errhandler;
	PMPI_File_get_group;
	PMPI_File_get_info;
	PMPI_File_get_position;
	PMPI_File_get_position_shared;
	PMPI_File_get_size;
	PMPI_File_get_type_extent;
	PMPI_File_get_view;
	PMPI_File_iread;
	PMPI_File_iread_all;
	PMPI_File_iread_at;
	PMPI_File_iread_at_all;
	PMPI_File_iread_shared;
	PMPI_File_iwrite;
	PMPI_File_iwrite_all;
	PMPI_File_iwrite_at;
	PMPI_File_iwrite_at_all;
	PMPI_File_iwrite_shared;
	PMPI_File_open;
	PMPI_File_preallocate;
	PMPI_File_read;
	PMPI_File_read_all;
	PMPI_File_read_all_begin;
	PMPI_File_read_all_end;
	PMPI_File_read_at;
	PMPI_File_read_at_all;
	PMPI_File_read_at_all_begin;
	PMPI_File_read_at_all_end;
	PMPI_File_read_ordered;
	PMPI_File_read_ordered_begin;
	PMPI_File_read_ordered_end;
	PMPI_File_read_shared;
	PMPI_File_seek;
	PMPI_File_seek_shared;
	PMPI_File_set_atomicity;
	PMPI_File_set_errhandler;
	PMPI_File_set_info;
	PMPI_File_set_size;
	PMPI_File_set_view;
	PMPI_File_sync;
	PMPI_File_write;
	PMPI_File_write_all;
	PMPI_File_write_all_begin;
	PMPI_File_write_all_end;
	PMPI_File_write_at;
	PMPI_File_write_at_all;
	PMPI_File_write_at_all_begin;
	PMPI_File_write_at_all_end;
	PMPI_File_write_ordered;
	PMPI_File_write_ordered_begin;
	PMPI_File_write_ordered_end;
	PMPI_File_write_shared;
	PMPI_Finalize;
	PMPI_Finalized;
	PMPI_Free_mem;
	PMPI_Gather;
	PMPI_Gatherv;
	PMPI_Get;
	PMPI_Get_accumulate;
	PMPI_Get_address;
	PMPI_Get_count;
	PMPI_Get_elements;
	PMPI_Get_elements_x;
	PMPI_Get_library_version;
	PMPI_Get_processor_name;
	PMPI_Get_version;
	PMPI_Graph_create;
	PMPI_Graphdims_get;
	PMPI_Graph_get;
	PMPI_Graph_map;
	PMPI_Graph_neighbors;
	PMPI_Graph_neighbors_count;
	PMPI_Grequest_complete;
	PMPI_Grequest_start;
	PMPI_Group_c2f;
	PMPI_Group_compare;
	PMPI_Group_difference;
	PMPI_Group_excl;
	PMPI_Group_f2c;
	PMPI_Group_free;
	PMPI_Group_incl;
	PMPI_Group_intersection;
	PMPI_Group_range_excl;
	PMPI_Group_range_incl;
	PMPI_Group_rank;
	PMPI_Group_size;
	PMPI_Group_translate_ranks;
	PMPI_Group_union;
	PMPI_Iallgather;
	PMPI_Iallgatherv;
	PMPI_Iallreduce;
	PMPI_Ialltoall;
	PMPI_Ialltoallv;
	PMPI_Ialltoallw;
	PMPI_Ibarrier;
	PMPI_Ibcast;
	PMPI_Ibsend;
	PMPI_Iexscan;
	PMPI_Igather;
	PMPI_Igatherv;
	PMPI_Improbe;
	PMPI_Imrecv;
	PMPI_Ineighbor_allgather;
	PMPI_Ineighbor_allgatherv;
	PMPI_Ineighbor_alltoall;
	PMPI_Ineighbor_alltoallv;
	PMPI_Ineighbor_alltoallw;
	PMPI_Info_c2f;
	PMPI_Info_create;
	PMPI_Info_delete;
	PMPI_Info_dup;
	PMPI_Info_f2c;
	PMPI_Info_free;
	PMPI_Info_get;
	PMPI_Info_get_nkeys;
	PMPI_Info_get_nthkey;
	PMPI_Info_get_valuelen;
	PMPI_Info_set;
	PMPI_Init;
	PMPI_Initialized;
	PMPI_Init_thread;
	PMPI_Intercomm_create;
	PMPI_Intercomm_merge;
	PMPI_Iprobe;
	PMPI_Irecv;
	PMPI_Ireduce;
	PMPI_Ireduce_scatter;
	PMPI_Ireduce_scatter_block;
	PMPI_Irsend;
	PMPI_Iscan;
	PMPI_Iscatter;
	PMPI_Iscatterv;
	PMPI_Isend;
	PMPI_Issend;
	PMPI_Is_thread_main;
	PMPI_Keyval_create;
	PMPI_Keyval_free;
	PMPI_Lookup_name;
	PMPI_Message_c2f;
	PMPI_Message_f2c;
	PMPI_Mprobe;
	PMPI_Mrecv;
	PMPI_Neighbor_allgather;
	PMPI_Neighbor_allgatherv;
	PMPI_Neighbor_alltoall;
	PMPI_Neighbor_alltoallv;
	PMPI_Neighbor_alltoallw;
	PMPI_Op_c2f;
	PMPI_Op_commutative;
	PMPI_Op_create;
	PMPI_Open_port;
	PMPI_Op_f2c;
	PMPI_Op_free;
	PMPI_Pack;
	PMPI_Pack_external;
	PMPI_Pack_external_size;
	PMPI_Pack_size;
	PMPI_Pcontrol;
	PMPI_Probe;
	PMPI_Publish_name;
	PMPI_Put;
	PMPI_Query_thread;
	PMPI_Raccumulate;
	PMPI_Recv;
	PMPI_Recv_init;
	PMPI_Reduce;
	PMPI_Reduce_local;
	PMPI_Reduce_scatter;
	PMPI_Reduce_scatter_block;
	PMPI_Register_datarep;
	PMPI_Request_c2f;
	PMPI_Request_f2c;
	PMPI_Request_free;
	PMPI_Request_get_status;
	PMPI_Rget;
	PMPI_Rget_accumulate;
	PMPI_Rput;
	PMPI_Rsend;
	PMPI_Rsend_init;
	PMPI_Scan;
	PMPI_Scatter;
	PMPI_Scatterv;
	PMPI_Send;
	PMPI_Send_init;
	PMPI_Sendrecv;
	PMPI_Sendrecv_replace;
	PMPI_Ssend;
	PMPI_Ssend_init;
	PMPI_Start;
	PMPI_Startall;
	PMPI_Status_c2f;
	PMPI_Status_f2c;
	PMPI_Status_set_cancelled;
	PMPI_Status_set_elements;
	PMPI_Status_set_elements_x;
	PMPI_T_category_changed;
	PMPI_T_category_get_categories;
	PMPI_T_category_get_cvars;
	PMPI_T_category_get_index;
	PMPI_T_category_get_info;
	PMPI_T_category_get_num;
	PMPI_T_category_get_pvars;
	PMPI_T_cvar_get_index;
	PMPI_T_cvar_get_info;
	PMPI_T_cvar_get_num;
	PMPI_T_cvar_handle_alloc;
	PMPI_T_cvar_handle_free;
	PMPI_T_cvar_read;
	PMPI_T_cvar_write;
	PMPI_T_enum_get_info;
	PMPI_T_enum_get_item;
	PMPI_Test;
	PMPI_Testall;
	PMPI_Testany;
	PMPI_Test_cancelled;
	PMPI_Testsome;
	PMPI_T_finalize;
	PMPI_T_init_thread;
	PMPI_Topo_test;
	PMPI_T_pvar_get_index;
	PMPI_T_pvar_get_info;
	PMPI_T_pvar_get_num;
	PMPI_T_pvar_handle_alloc;
	PMPI_T_pvar_handle_free;
	PMPI_T_pvar_read;
	PMPI_T_pvar_readreset;
	PMPI_T_pvar_reset;
	PMPI_T_pvar_session_create;
	PMPI_T_pvar_session_free;
	PMPI_T_pvar_start;
	PMPI_T_pvar_stop;
	PMPI_T_pvar_write;
	PMPI_Type_c2f;
	PMPI_Type_commit;
	PMPI_Type_contiguous;
	PMPI_Type_create_darray;
	PMPI_Type_create_f90_complex;
	PMPI_Type_create_f90_integer;
	PMPI_Type_create_f90_real;
	PMPI_Type_create_hindexed;
	PMPI_Type_create_hindexed_block;
	PMPI_Type_create_hvector;
	PMPI_Type_create_indexed_block;
	PMPI_Type_create_keyval;
	PMPI_Type_create_resized;
	PMPI_Type_create_struct;
	PMPI_Type_create_subarray;
	PMPI_Type_delete_attr;
	PMPI_Type_dup;
	PMPI_Type_extent;
	PMPI_Type_f2c;
	PMPI_Type_free;
	PMPI_Type_free_keyval;
	PMPI_Type_get_attr;
	PMPI_Type_get_contents;
	PMPI_Type_get_envelope;
	PMPI_Type_get_extent;
	PMPI_Type_get_extent_x;
	PMPI_Type_get_name;
	PMPI_Type_get_true_extent;
	PMPI_Type_get_true_extent_x;
	PMPI_Type_hindexed;
	PMPI_Type_hvector;
	PMPI_Type_indexed;
	PMPI_Type_lb;
	PMPI_Type_match_size;
	PMPI_Type_set_attr;
	PMPI_Type_set_name;
	PMPI_Type_size;
	PMPI_Type_size_x;
	PMPI_Type_struct;
	PMPI_Type_ub;
	PMPI_Type_vector;
	PMPI_Unpack;
	PMPI_Unpack_external;
	PMPI_Unpublish_name;
	PMPI_Wait;
	PMPI_Waitall;
	PMPI_Waitany;
	PMPI_Waitsome;
	PMPI_Win_allocate;
	PMPI_Win_allocate_shared;
	PMPI_Win_attach;
	PMPI_Win_c2f;
	PMPI_Win_call_errhandler;
	PMPI_Win_complete;
	PMPI_Win_create;
	PMPI_Win_create_dynamic;
	PMPI_Win_create_errhandler;
	PMPI_Win_create_keyval;
	PMPI_Win_delete_attr;
	PMPI_Win_detach;
	PMPI_Win_f2c;
	PMPI_Win_fence;
	PMPI_Win_flush;
	PMPI_Win_flush_all;
	PMPI_Win_flush_local;
	PMPI_Win_flush_local_all;
	PMPI_Win_free;
	PMPI_Win_free_keyval;
	PMPI_Win_get_attr;
	PMPI_Win_get_errhandler;
	PMPI_Win_get_group;
	PMPI_Win_get_info;
	PMPI_Win_get_name;
	PMPI_Win_lock;
	PMPI_Win_lock_all;
	PMPI_Win_post;
	PMPI_Win_set_attr;
	PMPI_Win_set_errhandler;
	PMPI_Win_set_info;
	PMPI_Win_set_name;
	PMPI_Win_shared_query;
	PMPI_Win_start;
	PMPI_Win_sync;
	PMPI_Win_test;
	PMPI_Win_unlock;
	PMPI_Win_unlock_all;
	PMPI_Win_wait;
	PMPI_Wtick;
	PMPI_Wtime;
	coll_base_allgatherv_algorithms;
	coll_base_comm_get_reqs;
	comm_allgather_pml;
	comm_allreduce_pml;
	comm_bcast_pml;
	mca_op_base_static_components;
	mca_topo_base_cart_coords;
	mca_pml_base_bsend_attach;
	mca_sharedfp_base_static_components;
	mca_vprotocol_base_select;
	mca_topo_base_dist_graph_create_adjacent;
	mca_io_base_file_select;
	mca_pml_base_bsend_request_fini;
	mca_pml_base_progress;
	mca_fs_base_get_fstype;
	mca_pml_base_request_t_class;
	mca_rte_base_static_components;
	mca_pml_base_bsend_detach;
	mca_topo_base_cartdim_get;
	mca_fcoll_base_query_table;
	mca_fs_base_find_available;
	mca_topo_base_static_components;
	mca_pml_base_recv_request_t_type_force_inclusion;
	mca_io_base_register_datarep;
	mca_bml_base_btl_array_reserve;
	mca_pml_base_static_components;
	mca_topo_base_dist_graph_create;
	mca_vprotocol_base_request_parasite;
	mca_topo_base_graph_map;
	mca_pml_base_selected_component;
	mca_pml_base_send_requests;
	mca_topo_base_comm_cart_2_2_0_t_class;
	mca_pml_base_finalize;
	mca_vprotocol_base_static_components;
	mca_pml_base_pml_check_selected;
	mca_vprotocol_base_parasite;
	mca_fs_base_get_parent_dir;
	mca_io_base_find_available;
	mca_bml_base_init;
	mca_fbtl_base_file_select;
	mca_pml_v;
	mca_topo_base_comm_graph_2_2_0_t_class;
	mca_pml_base_bsend_request_free;
	mca_osc_base_static_components;
	mca_coll_base_alltoallv_intra_basic_inplace;
	mca_sharedfp;
	mca_pml_base_pml_selected;
	mca_vprotocol_base_set_include_list;
	mca_topo_base_cart_get;
	mca_vprotocol_component;
	mca_pml_base_bsend_request_alloc;
	mca_pml_base_recv_requests;
	mca_coll_base_comm_t_class;
	mca_vprotocol_base_include_list;
	mca_pml_base_send_request_t_class;
	mca_bml_component;
	mca_topo_base_dist_graph_distribute;
	mca_pml_base_request_t_type_force_inclusion;
	mca_fcoll_base_file_select;
	mca_pml_base_bsend_request_start;
	mca_fbtl_base_selected_component;
	mca_topo_base_module_t_class;
	mca_fbtl_base_static_components;
	mca_topo_base_graphdims_get;
	mca_topo_base_cart_sub;
	mca_topo_base_graph_neighbors;
	mca_pml;
	mca_topo_base_cart_shift;
	mca_pml_base_select;
	mca_topo_base_dist_graph_neighbors_count;
	mca_coll_base_module_t_class;
	mca_coll_base_static_components;
	mca_topo_base_cart_map;
	mca_bml_lock;
	mca_topo_base_graph_create;
	mca_coll_base_comm_unselect;
	mca_io_base_request_t_class;
	mca_io_base_static_components;
	mca_bml_base_inited;
	mca_pml_base_bsend_init;
	mca_fbtl_base_file_unselect;
	mca_topo_base_find_available;
	mca_topo_base_comm_dist_graph_2_2_0_t_class;
	mca_coll_base_alltoall_intra_basic_inplace;
	mca_fcoll_base_file_unselect;
	mca_pml_v_component;
	mca_fs_base_static_components;
	mca_fs_base_file_unselect;
	mca_bml_base_endpoint_t_class;
	mca_topo_base_graph_neighbors_count;
	mca_bml_base_btl_array_t_class;
	mca_coll_base_find_available;
	mca_sharedfp_base_find_available;
	mca_pml_base_pml;
	mca_bml;
	mca_fcoll_base_find_available;
	mca_sharedfp_base_file_select;
	mca_fcoll_base_static_components;
	mca_pml_base_recv_request_t_class;
	mca_topo_base_cart_create;
	mca_pml_base_send_request_t_type_force_inclusion;
	mca_rte_orte_component;
	mca_coll_base_comm_select;
	mca_sharedfp_base_file_unselect;
	mca_fbtl_base_find_available;
	mca_io_base_delete;
	mca_fs_base_file_select;
	mca_topo_base_cart_rank;
	mca_topo_base_lazy_init;
	mca_topo_base_dist_graph_neighbors;
	mca_pml_base_bsend_fini;
	mca_vprotocol;
	mca_pml_base_bsend_request_alloc_buf;
	mca_fbtl;
	mca_bml_base_static_components;
	mca_topo_base_graph_get;
	mca_mtl_base_static_components;
	mca_topo_base_comm_select;
	netpatterns_base_err;
	netpatterns_base_verbose;
	netpatterns_cleanup_narray_knomial_tree;
	netpatterns_cleanup_recursive_doubling_tree_node;
	netpatterns_cleanup_recursive_knomial_allgather_tree_node;
	netpatterns_cleanup_recursive_knomial_tree_node;
	netpatterns_init;
	netpatterns_register_mca_params;
	netpatterns_setup_multinomial_tree;
	netpatterns_setup_narray_knomial_tree;
	netpatterns_setup_narray_tree;
	netpatterns_setup_narray_tree_contigous_ranks;
	netpatterns_setup_recursive_doubling_n_tree_node;
	netpatterns_setup_recursive_doubling_tree_node;
	netpatterns_setup_recursive_knomial_allgather_tree_node;
	netpatterns_setup_recursive_knomial_tree_node;
	roundup_to_power_radix;	
local:
	*;
	/* pml_v_output_close*/
	/* pml_v_output_open */
};
