/* symbol version map for liboshmem.so.20.0.0 (OpenMPI 2.0.0)
 * EXPERIMENTAL
 * Author: Alastair McKinstry <mckinstry@debian.org>
 * 2016-08-03
 */

OSHMEM_2.0.0 { 
global:
	mca_atomic;
	mca_atomic_base_find_available;
	mca_atomic_base_module_t_class;
	mca_atomic_base_select;
	mca_atomic_base_static_components;
	mca_memheap;
	mca_memheap_base_alloc_exit;
	mca_memheap_base_alloc_init;
	mca_memheap_base_already_opened;
	mca_memheap_base_components_opened;
	mca_memheap_base_dereg;
	mca_memheap_base_detect_addr_type;
	mca_memheap_base_exclude;
	mca_memheap_base_find_offset;
	mca_memheap_base_get_cached_mkey_slow;
	mca_memheap_base_get_mkey;
	mca_memheap_base_include;
	mca_memheap_base_is_symmetric_addr;
	mca_memheap_base_key_exchange;
	mca_memheap_base_map;
	mca_memheap_base_module_initialized;
	mca_memheap_base_output;
	mca_memheap_base_reg;
	mca_memheap_base_select;
	mca_memheap_base_static_components;
	mca_memheap_base_static_exit;
	mca_memheap_base_static_init;
	mca_memheap_modex_recv_all;
	mca_memheap_seg_cmp;
	mca_scoll_base_find_available;
	mca_scoll_base_group_unselect;
	mca_scoll_base_module_t_class;
	mca_scoll_base_select;
	mca_scoll_base_static_components;
	mca_scoll_enable;
	mca_scoll_sync_array;
	mca_spml;
	mca_spml_base_atomic_requests;
	mca_spml_base_atomic_request_t_class;
	mca_spml_base_finalize;
	mca_spml_base_get_requests;
	mca_spml_base_get_request_t_class;
	mca_spml_base_oob_get_mkeys;
	mca_spml_base_put_requests;
	mca_spml_base_put_request_t_class;
	mca_spml_base_request_t_class;
	mca_spml_base_rmkey_free;
	mca_spml_base_rmkey_unpack;
	mca_spml_base_select;
	mca_spml_base_selected_component;
	mca_spml_base_spml;
	mca_spml_base_static_components;
	mca_spml_base_wait;
	mca_spml_base_wait_nb;
	mca_sshmem_base_backing_file_dir;
	mca_sshmem_base_close;
	mca_sshmem_base_component;
	mca_sshmem_base_module;
	mca_sshmem_base_select;
	mca_sshmem_base_selected;
	mca_sshmem_base_start_address;
	mca_sshmem_base_static_components;
	mca_sshmem_ds_copy;
	mca_sshmem_segment_attach;
	mca_sshmem_segment_create;
	mca_sshmem_segment_detach;
	mca_sshmem_unlink;
	memheap_map;
	memheap_oob;
	memheap_oob_destruct;
	memheap_oob_init;
	my_pe;
	my_pe_;
	my_pe__;
	MY_PE;
	my_pe_f;
	Name;
	num_pes;
	num_pes_;
	num_pes__;
	NUM_PES;
	num_pes_f;
	oshmem_atomic_base_framework;
	oshmem_comm_world;
	oshmem_group_all;
	oshmem_group_array;
	oshmem_group_cache_list;
	oshmem_group_cache_list_free;
	oshmem_group_cache_list_init;
	oshmem_group_cache_size;
	oshmem_group_cache_t_class;
	oshmem_group_null;
	oshmem_group_self;
	oshmem_group_t_class;
	oshmem_info_close_components;
	oshmem_info_finalize;
	oshmem_info_init;
	oshmem_info_register_framework_params;
	oshmem_info_register_types;
	oshmem_info_show_oshmem_version;
	oshmem_info_type_oshmem;
	oshmem_memheap_base_framework;
	oshmem_mpi_main_thread;
	oshmem_mpi_thread_multiple;
	oshmem_mpi_thread_provided;
	oshmem_mpi_thread_requested;
	oshmem_op_and_fint2;
	oshmem_op_and_fint2_func;
	oshmem_op_and_fint4;
	oshmem_op_and_fint4_func;
	oshmem_op_and_fint8;
	oshmem_op_and_fint8_func;
	oshmem_op_and_int;
	oshmem_op_and_int16;
	oshmem_op_and_int16_func;
	oshmem_op_and_int32;
	oshmem_op_and_int32_func;
	oshmem_op_and_int64;
	oshmem_op_and_int64_func;
	oshmem_op_and_int_func;
	oshmem_op_and_long;
	oshmem_op_and_long_func;
	oshmem_op_and_longlong;
	oshmem_op_and_longlong_func;
	oshmem_op_and_short;
	oshmem_op_and_short_func;
	oshmem_op_array;
	oshmem_op_finalize;
	oshmem_op_init;
	oshmem_op_max_double;
	oshmem_op_max_double_func;
	oshmem_op_max_fint2;
	oshmem_op_max_fint2_func;
	oshmem_op_max_fint4;
	oshmem_op_max_fint4_func;
	oshmem_op_max_fint8;
	oshmem_op_max_fint8_func;
	oshmem_op_max_float;
	oshmem_op_max_float_func;
	oshmem_op_max_freal16;
	oshmem_op_max_freal16_func;
	oshmem_op_max_freal4;
	oshmem_op_max_freal4_func;
	oshmem_op_max_freal8;
	oshmem_op_max_freal8_func;
	oshmem_op_max_int;
	oshmem_op_max_int16;
	oshmem_op_max_int16_func;
	oshmem_op_max_int32;
	oshmem_op_max_int32_func;
	oshmem_op_max_int64;
	oshmem_op_max_int64_func;
	oshmem_op_max_int_func;
	oshmem_op_max_long;
	oshmem_op_max_longdouble;
	oshmem_op_max_longdouble_func;
	oshmem_op_max_long_func;
	oshmem_op_max_longlong;
	oshmem_op_max_longlong_func;
	oshmem_op_max_short;
	oshmem_op_max_short_func;
	oshmem_op_min_double;
	oshmem_op_min_double_func;
	oshmem_op_min_fint2;
	oshmem_op_min_fint2_func;
	oshmem_op_min_fint4;
	oshmem_op_min_fint4_func;
	oshmem_op_min_fint8;
	oshmem_op_min_fint8_func;
	oshmem_op_min_float;
	oshmem_op_min_float_func;
	oshmem_op_min_freal16;
	oshmem_op_min_freal16_func;
	oshmem_op_min_freal4;
	oshmem_op_min_freal4_func;
	oshmem_op_min_freal8;
	oshmem_op_min_freal8_func;
	oshmem_op_min_int;
	oshmem_op_min_int16;
	oshmem_op_min_int16_func;
	oshmem_op_min_int32;
	oshmem_op_min_int32_func;
	oshmem_op_min_int64;
	oshmem_op_min_int64_func;
	oshmem_op_min_int_func;
	oshmem_op_min_long;
	oshmem_op_min_longdouble;
	oshmem_op_min_longdouble_func;
	oshmem_op_min_long_func;
	oshmem_op_min_longlong;
	oshmem_op_min_longlong_func;
	oshmem_op_min_short;
	oshmem_op_min_short_func;
	oshmem_op_or_fint2;
	oshmem_op_or_fint2_func;
	oshmem_op_or_fint4;
	oshmem_op_or_fint4_func;
	oshmem_op_or_fint8;
	oshmem_op_or_fint8_func;
	oshmem_op_or_int;
	oshmem_op_or_int16;
	oshmem_op_or_int16_func;
	oshmem_op_or_int32;
	oshmem_op_or_int32_func;
	oshmem_op_or_int64;
	oshmem_op_or_int64_func;
	oshmem_op_or_int_func;
	oshmem_op_or_long;
	oshmem_op_or_long_func;
	oshmem_op_or_longlong;
	oshmem_op_or_longlong_func;
	oshmem_op_or_short;
	oshmem_op_or_short_func;
	oshmem_op_prod_complexd;
	oshmem_op_prod_complexd_func;
	oshmem_op_prod_complexf;
	oshmem_op_prod_complexf_func;
	oshmem_op_prod_double;
	oshmem_op_prod_double_func;
	oshmem_op_prod_fint2;
	oshmem_op_prod_fint2_func;
	oshmem_op_prod_fint4;
	oshmem_op_prod_fint4_func;
	oshmem_op_prod_fint8;
	oshmem_op_prod_fint8_func;
	oshmem_op_prod_float;
	oshmem_op_prod_float_func;
	oshmem_op_prod_freal16;
	oshmem_op_prod_freal16_func;
	oshmem_op_prod_freal4;
	oshmem_op_prod_freal4_func;
	oshmem_op_prod_freal8;
	oshmem_op_prod_freal8_func;
	oshmem_op_prod_int;
	oshmem_op_prod_int16;
	oshmem_op_prod_int16_func;
	oshmem_op_prod_int32;
	oshmem_op_prod_int32_func;
	oshmem_op_prod_int64;
	oshmem_op_prod_int64_func;
	oshmem_op_prod_int_func;
	oshmem_op_prod_long;
	oshmem_op_prod_longdouble;
	oshmem_op_prod_longdouble_func;
	oshmem_op_prod_long_func;
	oshmem_op_prod_longlong;
	oshmem_op_prod_longlong_func;
	oshmem_op_prod_short;
	oshmem_op_prod_short_func;
	oshmem_op_sum_complexd;
	oshmem_op_sum_complexd_func;
	oshmem_op_sum_complexf;
	oshmem_op_sum_complexf_func;
	oshmem_op_sum_double;
	oshmem_op_sum_double_func;
	oshmem_op_sum_fint2;
	oshmem_op_sum_fint2_func;
	oshmem_op_sum_fint4;
	oshmem_op_sum_fint4_func;
	oshmem_op_sum_fint8;
	oshmem_op_sum_fint8_func;
	oshmem_op_sum_float;
	oshmem_op_sum_float_func;
	oshmem_op_sum_freal16;
	oshmem_op_sum_freal16_func;
	oshmem_op_sum_freal4;
	oshmem_op_sum_freal4_func;
	oshmem_op_sum_freal8;
	oshmem_op_sum_freal8_func;
	oshmem_op_sum_int;
	oshmem_op_sum_int16;
	oshmem_op_sum_int16_func;
	oshmem_op_sum_int32;
	oshmem_op_sum_int32_func;
	oshmem_op_sum_int64;
	oshmem_op_sum_int64_func;
	oshmem_op_sum_int_func;
	oshmem_op_sum_long;
	oshmem_op_sum_longdouble;
	oshmem_op_sum_longdouble_func;
	oshmem_op_sum_long_func;
	oshmem_op_sum_longlong;
	oshmem_op_sum_longlong_func;
	oshmem_op_sum_short;
	oshmem_op_sum_short_func;
	oshmem_op_t_class;
	oshmem_op_xor_fint2;
	oshmem_op_xor_fint2_func;
	oshmem_op_xor_fint4;
	oshmem_op_xor_fint4_func;
	oshmem_op_xor_fint8;
	oshmem_op_xor_fint8_func;
	oshmem_op_xor_int;
	oshmem_op_xor_int16;
	oshmem_op_xor_int16_func;
	oshmem_op_xor_int32;
	oshmem_op_xor_int32_func;
	oshmem_op_xor_int64;
	oshmem_op_xor_int64_func;
	oshmem_op_xor_int_func;
	oshmem_op_xor_long;
	oshmem_op_xor_long_func;
	oshmem_op_xor_longlong;
	oshmem_op_xor_longlong_func;
	oshmem_op_xor_short;
	oshmem_op_xor_short_func;
	oshmem_output;
	oshmem_output_verbose;
	oshmem_preconnect_all;
	oshmem_proc_finalize;
	oshmem_proc_group_create;
	oshmem_proc_group_destroy;
	oshmem_proc_group_finalize;
	oshmem_proc_group_init;
	oshmem_proc_init;
	oshmem_request_completed;
	oshmem_request_cond;
	oshmem_request_empty;
	oshmem_request_finalize;
	oshmem_request_f_to_c_table;
	oshmem_request_functions;
	oshmem_request_init;
	oshmem_request_lock;
	oshmem_request_null;
	oshmem_request_persistent_proc_null_free;
	oshmem_request_t_class;
	oshmem_request_waiting;
	oshmem_scoll_base_framework;
	oshmem_shmem_abort;
	oshmem_shmem_aborted;
	oshmem_shmem_allgather;
	oshmem_shmem_allgatherv;
	oshmem_shmem_api_verbose;
	oshmem_shmem_barrier;
	oshmem_shmem_finalize;
	oshmem_shmem_globalexit_status;
	oshmem_shmem_info_env;
	oshmem_shmem_inglobalexit;
	oshmem_shmem_init;
	oshmem_shmem_initialized;
	oshmem_shmem_lock_recursive;
	oshmem_shmem_preconnect_all;
	oshmem_shmem_preconnect_all_finalize;
	oshmem_shmem_register_params;
	oshmem_spml_base_framework;
	oshmem_sshmem_base_framework;
	oshmem_status_empty;
	oshmem_version_string;
	p_my_pe;
	p_my_pe_;
	pmy_pe_;
	pmy_pe__;
	PMY_PE;
	p_num_pes;
	pnum_pes_;
	pnum_pes__;
	PNUM_PES;
	preconnect_value;
	pshfree;
	pshmalloc;
	pshmem_addr_accessible;
	pshmem_addr_accessible_;
	pshmem_addr_accessible__;
	PSHMEM_ADDR_ACCESSIBLE;
	pshmemalign;
	pshmem_align;
	pshmem_barrier;
	pshmem_barrier_;
	pshmem_barrier__;
	PSHMEM_BARRIER;
	pshmem_barrier_all;
	pshmem_barrier_all_;
	pshmem_barrier_all__;
	PSHMEM_BARRIER_ALL;
	pshmem_broadcast;
	pshmem_broadcast32;
	pshmem_broadcast32_;
	pshmem_broadcast32__;
	PSHMEM_BROADCAST32;
	pshmem_broadcast4_;
	pshmem_broadcast4__;
	PSHMEM_BROADCAST4;
	pshmem_broadcast64;
	pshmem_broadcast64_;
	pshmem_broadcast64__;
	PSHMEM_BROADCAST64;
	pshmem_broadcast8_;
	pshmem_broadcast8__;
	PSHMEM_BROADCAST8;
	pshmem_character_get_;
	pshmem_character_get__;
	PSHMEM_CHARACTER_GET;
	pshmem_character_put_;
	pshmem_character_put__;
	PSHMEM_CHARACTER_PUT;
	pshmem_char_g;
	pshmem_char_get;
	pshmem_char_p;
	pshmem_char_put;
	pshmem_clear_cache_inv;
	pshmem_clear_cache_inv_;
	pshmem_clear_cache_inv__;
	PSHMEM_CLEAR_CACHE_INV;
	pshmem_clear_cache_line_inv;
	pshmem_clear_cache_line_inv_;
	pshmem_clear_cache_line_inv__;
	PSHMEM_CLEAR_CACHE_LINE_INV;
	pshmem_clear_lock;
	pshmem_clear_lock_;
	pshmem_clear_lock__;
	PSHMEM_CLEAR_LOCK;
	pshmem_collect32;
	pshmem_collect32_;
	pshmem_collect32__;
	PSHMEM_COLLECT32;
	pshmem_collect4_;
	pshmem_collect4__;
	PSHMEM_COLLECT4;
	pshmem_collect64;
	pshmem_collect64_;
	pshmem_collect64__;
	PSHMEM_COLLECT64;
	pshmem_collect8_;
	pshmem_collect8__;
	PSHMEM_COLLECT8;
	pshmem_comp4_prod_to_all_;
	pshmem_comp4_prod_to_all__;
	PSHMEM_COMP4_PROD_TO_ALL;
	pshmem_comp4_sum_to_all_;
	pshmem_comp4_sum_to_all__;
	PSHMEM_COMP4_SUM_TO_ALL;
	pshmem_comp4_xor_to_all_;
	pshmem_comp4_xor_to_all__;
	PSHMEM_COMP4_XOR_TO_ALL;
	pshmem_comp8_prod_to_all_;
	pshmem_comp8_prod_to_all__;
	PSHMEM_COMP8_PROD_TO_ALL;
	pshmem_comp8_sum_to_all_;
	pshmem_comp8_sum_to_all__;
	PSHMEM_COMP8_SUM_TO_ALL;
	pshmem_comp8_xor_to_all_;
	pshmem_comp8_xor_to_all__;
	PSHMEM_COMP8_XOR_TO_ALL;
	pshmem_complexd_prod_to_all;
	pshmem_complexd_sum_to_all;
	pshmem_complexf_prod_to_all;
	pshmem_complexf_sum_to_all;
	pshmem_complex_get_;
	pshmem_complex_get__;
	PSHMEM_COMPLEX_GET;
	pshmem_complex_iget_;
	pshmem_complex_iget__;
	PSHMEM_COMPLEX_IGET;
	pshmem_complex_iput_;
	pshmem_complex_iput__;
	PSHMEM_COMPLEX_IPUT;
	pshmem_complex_put_;
	pshmem_complex_put__;
	PSHMEM_COMPLEX_PUT;
	pshmem_double_g;
	pshmem_double_get;
	pshmem_double_get_;
	pshmem_double_get__;
	PSHMEM_DOUBLE_GET;
	pshmem_double_iget;
	pshmem_double_iget_;
	pshmem_double_iget__;
	PSHMEM_DOUBLE_IGET;
	pshmem_double_iput;
	pshmem_double_iput_;
	pshmem_double_iput__;
	PSHMEM_DOUBLE_IPUT;
	pshmem_double_max_to_all;
	pshmem_double_min_to_all;
	pshmem_double_p;
	pshmem_double_prod_to_all;
	pshmem_double_put;
	pshmem_double_put_;
	pshmem_double_put__;
	PSHMEM_DOUBLE_PUT;
	pshmem_double_sum_to_all;
	pshmem_double_swap;
	pshmem_fcollect32;
	pshmem_fcollect32_;
	pshmem_fcollect32__;
	PSHMEM_FCOLLECT32;
	pshmem_fcollect4_;
	pshmem_fcollect4__;
	PSHMEM_FCOLLECT4;
	pshmem_fcollect64;
	pshmem_fcollect64_;
	pshmem_fcollect64__;
	PSHMEM_FCOLLECT64;
	pshmem_fcollect8_;
	pshmem_fcollect8__;
	PSHMEM_FCOLLECT8;
	pshmem_fence;
	pshmem_fence_;
	pshmem_fence__;
	PSHMEM_FENCE;
	pshmem_finalize;
	pshmem_float_g;
	pshmem_float_get;
	pshmem_float_iget;
	pshmem_float_iput;
	pshmem_float_max_to_all;
	pshmem_float_min_to_all;
	pshmem_float_p;
	pshmem_float_prod_to_all;
	pshmem_float_put;
	pshmem_float_sum_to_all;
	pshmem_float_swap;
	pshmem_free;
	pshmem_get128;
	pshmem_get128_;
	pshmem_get128__;
	PSHMEM_GET128;
	pshmem_get32;
	pshmem_get32_;
	pshmem_get32__;
	PSHMEM_GET32;
	pshmem_get4_;
	pshmem_get4__;
	PSHMEM_GET4;
	pshmem_get64;
	pshmem_get64_;
	pshmem_get64__;
	PSHMEM_GET64;
	pshmem_get8_;
	pshmem_get8__;
	PSHMEM_GET8;
	pshmem_getmem;
	pshmem_getmem_;
	pshmem_getmem__;
	PSHMEM_GETMEM;
	pshmem_global_exit;
	pshmem_global_exit_;
	pshmem_global_exit__;
	PSHMEM_GLOBAL_EXIT;
	pshmem_iget128;
	pshmem_iget128_;
	pshmem_iget128__;
	PSHMEM_IGET128;
	pshmem_iget32;
	pshmem_iget32_;
	pshmem_iget32__;
	PSHMEM_IGET32;
	pshmem_iget4_;
	pshmem_iget4__;
	PSHMEM_IGET4;
	pshmem_iget64;
	pshmem_iget64_;
	pshmem_iget64__;
	PSHMEM_IGET64;
	pshmem_iget8_;
	pshmem_iget8__;
	PSHMEM_IGET8;
	pshmem_init;
	pshmem_init_;
	pshmem_init__;
	PSHMEM_INIT;
	pshmem_int2_and_to_all_;
	pshmem_int2_and_to_all__;
	PSHMEM_INT2_AND_TO_ALL;
	pshmem_int2_max_to_all_;
	pshmem_int2_max_to_all__;
	PSHMEM_INT2_MAX_TO_ALL;
	pshmem_int2_min_to_all_;
	pshmem_int2_min_to_all__;
	PSHMEM_INT2_MIN_TO_ALL;
	pshmem_int2_or_to_all_;
	pshmem_int2_or_to_all__;
	PSHMEM_INT2_OR_TO_ALL;
	pshmem_int2_prod_to_all_;
	pshmem_int2_prod_to_all__;
	PSHMEM_INT2_PROD_TO_ALL;
	pshmem_int2_sum_to_all_;
	pshmem_int2_sum_to_all__;
	PSHMEM_INT2_SUM_TO_ALL;
	pshmem_int2_xor_to_all_;
	pshmem_int2_xor_to_all__;
	PSHMEM_INT2_XOR_TO_ALL;
	pshmem_int4_add_;
	pshmem_int4_add__;
	PSHMEM_INT4_ADD;
	pshmem_int4_and_to_all_;
	pshmem_int4_and_to_all__;
	PSHMEM_INT4_AND_TO_ALL;
	pshmem_int4_cswap_;
	pshmem_int4_cswap__;
	PSHMEM_INT4_CSWAP;
	pshmem_int4_fadd_;
	pshmem_int4_fadd__;
	PSHMEM_INT4_FADD;
	pshmem_int4_finc_;
	pshmem_int4_finc__;
	PSHMEM_INT4_FINC;
	pshmem_int4_inc_;
	pshmem_int4_inc__;
	PSHMEM_INT4_INC;
	pshmem_int4_max_to_all_;
	pshmem_int4_max_to_all__;
	PSHMEM_INT4_MAX_TO_ALL;
	pshmem_int4_min_to_all_;
	pshmem_int4_min_to_all__;
	PSHMEM_INT4_MIN_TO_ALL;
	pshmem_int4_or_to_all_;
	pshmem_int4_or_to_all__;
	PSHMEM_INT4_OR_TO_ALL;
	pshmem_int4_prod_to_all_;
	pshmem_int4_prod_to_all__;
	PSHMEM_INT4_PROD_TO_ALL;
	pshmem_int4_sum_to_all_;
	pshmem_int4_sum_to_all__;
	PSHMEM_INT4_SUM_TO_ALL;
	pshmem_int4_swap_;
	pshmem_int4_swap__;
	PSHMEM_INT4_SWAP;
	pshmem_int4_wait_;
	pshmem_int4_wait__;
	PSHMEM_INT4_WAIT;
	pshmem_int4_wait_until_;
	pshmem_int4_wait_until__;
	PSHMEM_INT4_WAIT_UNTIL;
	pshmem_int4_xor_to_all_;
	pshmem_int4_xor_to_all__;
	PSHMEM_INT4_XOR_TO_ALL;
	pshmem_int8_add_;
	pshmem_int8_add__;
	PSHMEM_INT8_ADD;
	pshmem_int8_and_to_all_;
	pshmem_int8_and_to_all__;
	PSHMEM_INT8_AND_TO_ALL;
	pshmem_int8_cswap_;
	pshmem_int8_cswap__;
	PSHMEM_INT8_CSWAP;
	pshmem_int8_fadd_;
	pshmem_int8_fadd__;
	PSHMEM_INT8_FADD;
	pshmem_int8_finc_;
	pshmem_int8_finc__;
	PSHMEM_INT8_FINC;
	pshmem_int8_inc_;
	pshmem_int8_inc__;
	PSHMEM_INT8_INC;
	pshmem_int8_max_to_all_;
	pshmem_int8_max_to_all__;
	PSHMEM_INT8_MAX_TO_ALL;
	pshmem_int8_min_to_all_;
	pshmem_int8_min_to_all__;
	PSHMEM_INT8_MIN_TO_ALL;
	pshmem_int8_or_to_all_;
	pshmem_int8_or_to_all__;
	PSHMEM_INT8_OR_TO_ALL;
	pshmem_int8_prod_to_all_;
	pshmem_int8_prod_to_all__;
	PSHMEM_INT8_PROD_TO_ALL;
	pshmem_int8_sum_to_all_;
	pshmem_int8_sum_to_all__;
	PSHMEM_INT8_SUM_TO_ALL;
	pshmem_int8_swap_;
	pshmem_int8_swap__;
	PSHMEM_INT8_SWAP;
	pshmem_int8_wait_;
	pshmem_int8_wait__;
	PSHMEM_INT8_WAIT;
	pshmem_int8_wait_until_;
	pshmem_int8_wait_until__;
	PSHMEM_INT8_WAIT_UNTIL;
	pshmem_int8_xor_to_all_;
	pshmem_int8_xor_to_all__;
	PSHMEM_INT8_XOR_TO_ALL;
	pshmem_int_add;
	pshmem_int_and_to_all;
	pshmem_int_cswap;
	pshmem_integer_get_;
	pshmem_integer_get__;
	PSHMEM_INTEGER_GET;
	pshmem_integer_iget_;
	pshmem_integer_iget__;
	PSHMEM_INTEGER_IGET;
	pshmem_integer_iput_;
	pshmem_integer_iput__;
	PSHMEM_INTEGER_IPUT;
	pshmem_integer_put_;
	pshmem_integer_put__;
	PSHMEM_INTEGER_PUT;
	pshmem_int_fadd;
	pshmem_int_finc;
	pshmem_int_g;
	pshmem_int_get;
	pshmem_int_iget;
	pshmem_int_inc;
	pshmem_int_iput;
	pshmem_int_max_to_all;
	pshmem_int_min_to_all;
	pshmem_int_or_to_all;
	pshmem_int_p;
	pshmem_int_prod_to_all;
	pshmem_int_put;
	pshmem_int_sum_to_all;
	pshmem_int_swap;
	pshmem_int_wait;
	pshmem_int_wait_until;
	pshmem_int_xor_to_all;
	pshmem_iput128;
	pshmem_iput128_;
	pshmem_iput128__;
	PSHMEM_IPUT128;
	pshmem_iput32;
	pshmem_iput32_;
	pshmem_iput32__;
	PSHMEM_IPUT32;
	pshmem_iput4_;
	pshmem_iput4__;
	PSHMEM_IPUT4;
	pshmem_iput64;
	pshmem_iput64_;
	pshmem_iput64__;
	PSHMEM_IPUT64;
	pshmem_iput8_;
	pshmem_iput8__;
	PSHMEM_IPUT8;
	pshmem_logical_get_;
	pshmem_logical_get__;
	PSHMEM_LOGICAL_GET;
	pshmem_logical_iget_;
	pshmem_logical_iget__;
	PSHMEM_LOGICAL_IGET;
	pshmem_logical_iput_;
	pshmem_logical_iput__;
	PSHMEM_LOGICAL_IPUT;
	pshmem_logical_put_;
	pshmem_logical_put__;
	PSHMEM_LOGICAL_PUT;
	pshmem_long_add;
	pshmem_long_and_to_all;
	pshmem_long_cswap;
	pshmem_longdouble_g;
	pshmem_longdouble_get;
	pshmem_longdouble_iget;
	pshmem_longdouble_iput;
	pshmem_longdouble_max_to_all;
	pshmem_longdouble_min_to_all;
	pshmem_longdouble_p;
	pshmem_longdouble_prod_to_all;
	pshmem_longdouble_put;
	pshmem_longdouble_sum_to_all;
	pshmem_long_fadd;
	pshmem_long_finc;
	pshmem_long_g;
	pshmem_long_get;
	pshmem_long_iget;
	pshmem_long_inc;
	pshmem_long_iput;
	pshmem_longlong_add;
	pshmem_longlong_and_to_all;
	pshmem_longlong_cswap;
	pshmem_longlong_fadd;
	pshmem_longlong_finc;
	pshmem_longlong_g;
	pshmem_longlong_get;
	pshmem_longlong_iget;
	pshmem_longlong_inc;
	pshmem_longlong_iput;
	pshmem_longlong_max_to_all;
	pshmem_longlong_min_to_all;
	pshmem_longlong_or_to_all;
	pshmem_longlong_p;
	pshmem_longlong_prod_to_all;
	pshmem_longlong_put;
	pshmem_longlong_sum_to_all;
	pshmem_longlong_swap;
	pshmem_longlong_wait;
	pshmem_longlong_wait_until;
	pshmem_longlong_xor_to_all;
	pshmem_long_max_to_all;
	pshmem_long_min_to_all;
	pshmem_long_or_to_all;
	pshmem_long_p;
	pshmem_long_prod_to_all;
	pshmem_long_put;
	pshmem_long_sum_to_all;
	pshmem_long_swap;
	pshmem_long_wait;
	pshmem_long_wait_until;
	pshmem_long_xor_to_all;
	pshmem_malloc;
	pshmem_my_pe;
	pshmem_my_pe_;
	pshmem_my_pe__;
	PSHMEM_MY_PE;
	pshmem_n_pes;
	pshmem_n_pes_;
	pshmem_n_pes__;
	PSHMEM_N_PES;
	pshmem_pe_accessible;
	pshmem_pe_accessible_;
	pshmem_pe_accessible__;
	PSHMEM_PE_ACCESSIBLE;
	pshmem_ptr;
	pshmem_ptr_;
	pshmem_ptr__;
	PSHMEM_PTR;
	pshmem_put_;
	pshmem_put__;
	PSHMEM_PUT;
	pshmem_put128;
	pshmem_put128_;
	pshmem_put128__;
	PSHMEM_PUT128;
	pshmem_put32;
	pshmem_put32_;
	pshmem_put32__;
	PSHMEM_PUT32;
	pshmem_put4_;
	pshmem_put4__;
	PSHMEM_PUT4;
	pshmem_put64;
	pshmem_put64_;
	pshmem_put64__;
	PSHMEM_PUT64;
	pshmem_put8_;
	pshmem_put8__;
	PSHMEM_PUT8;
	pshmem_putmem;
	pshmem_putmem_;
	pshmem_putmem__;
	PSHMEM_PUTMEM;
	pshmem_quiet;
	pshmem_quiet_;
	pshmem_quiet__;
	PSHMEM_QUIET;
	pshmem_real16_max_to_all_;
	pshmem_real16_max_to_all__;
	PSHMEM_REAL16_MAX_TO_ALL;
	pshmem_real16_min_to_all_;
	pshmem_real16_min_to_all__;
	PSHMEM_REAL16_MIN_TO_ALL;
	pshmem_real16_prod_to_all_;
	pshmem_real16_prod_to_all__;
	PSHMEM_REAL16_PROD_TO_ALL;
	pshmem_real16_sum_to_all_;
	pshmem_real16_sum_to_all__;
	PSHMEM_REAL16_SUM_TO_ALL;
	pshmem_real4_max_to_all_;
	pshmem_real4_max_to_all__;
	PSHMEM_REAL4_MAX_TO_ALL;
	pshmem_real4_min_to_all_;
	pshmem_real4_min_to_all__;
	PSHMEM_REAL4_MIN_TO_ALL;
	pshmem_real4_prod_to_all_;
	pshmem_real4_prod_to_all__;
	PSHMEM_REAL4_PROD_TO_ALL;
	pshmem_real4_sum_to_all_;
	pshmem_real4_sum_to_all__;
	PSHMEM_REAL4_SUM_TO_ALL;
	pshmem_real4_swap_;
	pshmem_real4_swap__;
	PSHMEM_REAL4_SWAP;
	pshmem_real8_max_to_all_;
	pshmem_real8_max_to_all__;
	PSHMEM_REAL8_MAX_TO_ALL;
	pshmem_real8_min_to_all_;
	pshmem_real8_min_to_all__;
	PSHMEM_REAL8_MIN_TO_ALL;
	pshmem_real8_prod_to_all_;
	pshmem_real8_prod_to_all__;
	PSHMEM_REAL8_PROD_TO_ALL;
	pshmem_real8_sum_to_all_;
	pshmem_real8_sum_to_all__;
	PSHMEM_REAL8_SUM_TO_ALL;
	pshmem_real8_swap_;
	pshmem_real8_swap__;
	PSHMEM_REAL8_SWAP;
	pshmem_real_get_;
	pshmem_real_get__;
	PSHMEM_REAL_GET;
	pshmem_real_iget_;
	pshmem_real_iget__;
	PSHMEM_REAL_IGET;
	pshmem_real_iput_;
	pshmem_real_iput__;
	PSHMEM_REAL_IPUT;
	pshmem_realloc;
	pshmem_real_put_;
	pshmem_real_put__;
	PSHMEM_REAL_PUT;
	pshmem_set_cache_inv;
	pshmem_set_cache_inv_;
	pshmem_set_cache_inv__;
	PSHMEM_SET_CACHE_INV;
	pshmem_set_cache_line_inv;
	pshmem_set_cache_line_inv_;
	pshmem_set_cache_line_inv__;
	PSHMEM_SET_CACHE_LINE_INV;
	pshmem_set_lock;
	pshmem_set_lock_;
	pshmem_set_lock__;
	PSHMEM_SET_LOCK;
	pshmem_short_and_to_all;
	pshmem_short_g;
	pshmem_short_get;
	pshmem_short_iget;
	pshmem_short_iput;
	pshmem_short_max_to_all;
	pshmem_short_min_to_all;
	pshmem_short_or_to_all;
	pshmem_short_p;
	pshmem_short_prod_to_all;
	pshmem_short_put;
	pshmem_short_sum_to_all;
	pshmem_short_wait;
	pshmem_short_wait_until;
	pshmem_short_xor_to_all;
	pshmem_swap;
	pshmem_swap_;
	pshmem_swap__;
	PSHMEM_SWAP;
	pshmem_test_lock;
	pshmem_test_lock_;
	pshmem_test_lock__;
	PSHMEM_TEST_LOCK;
	pshmem_udcflush;
	pshmem_udcflush_;
	pshmem_udcflush__;
	PSHMEM_UDCFLUSH;
	pshmem_udcflush_line;
	pshmem_udcflush_line_;
	pshmem_udcflush_line__;
	PSHMEM_UDCFLUSH_LINE;
	pshmem_wait;
	pshmem_wait_;
	pshmem_wait__;
	PSHMEM_WAIT;
	pshmem_wait_until;
	pshmem_wait_until_;
	pshmem_wait_until__;
	PSHMEM_WAIT_UNTIL;
	pshmemx_get16;
	pshmemx_iget16;
	pshmemx_int16_and_to_all;
	pshmemx_int16_g;
	pshmemx_int16_max_to_all;
	pshmemx_int16_min_to_all;
	pshmemx_int16_or_to_all;
	pshmemx_int16_p;
	pshmemx_int16_prod_to_all;
	pshmemx_int16_sum_to_all;
	pshmemx_int16_xor_to_all;
	pshmemx_int32_add;
	pshmemx_int32_and_to_all;
	pshmemx_int32_cswap;
	pshmemx_int32_fadd;
	pshmemx_int32_finc;
	pshmemx_int32_g;
	pshmemx_int32_inc;
	pshmemx_int32_max_to_all;
	pshmemx_int32_min_to_all;
	pshmemx_int32_or_to_all;
	pshmemx_int32_p;
	pshmemx_int32_prod_to_all;
	pshmemx_int32_sum_to_all;
	pshmemx_int32_swap;
	pshmemx_int32_wait;
	pshmemx_int32_wait_until;
	pshmemx_int32_xor_to_all;
	pshmemx_int64_add;
	pshmemx_int64_and_to_all;
	pshmemx_int64_cswap;
	pshmemx_int64_fadd;
	pshmemx_int64_finc;
	pshmemx_int64_g;
	pshmemx_int64_inc;
	pshmemx_int64_max_to_all;
	pshmemx_int64_min_to_all;
	pshmemx_int64_or_to_all;
	pshmemx_int64_p;
	pshmemx_int64_prod_to_all;
	pshmemx_int64_sum_to_all;
	pshmemx_int64_swap;
	pshmemx_int64_wait;
	pshmemx_int64_wait_until;
	pshmemx_int64_xor_to_all;
	pshmemx_iput16;
	pshmemx_put16;
	pshpalloc_;
	pshpalloc__;
	PSHPALLOC;
	pshpclmove_;
	pshpclmove__;
	PSHPCLMOVE;
	pshpdeallc_;
	pshpdeallc__;
	PSHPDEALLC;
	pshrealloc;
	pstart_pes;
	pstart_pes_;
	pstart_pes__;
	PSTART_PES;
	shfree;
	shmalloc;
	shmem_addr_accessible;
	shmem_addr_accessible_;
	shmem_addr_accessible__;
	SHMEM_ADDR_ACCESSIBLE;
	shmem_addr_accessible_f;
	shmemalign;
	shmem_align;
	shmem_api_logger_output;
	shmem_barrier;
	shmem_barrier_;
	shmem_barrier__;
	SHMEM_BARRIER;
	shmem_barrier_all;
	shmem_barrier_all_;
	shmem_barrier_all__;
	SHMEM_BARRIER_ALL;
	shmem_barrier_all_f;
	shmem_barrier_f;
	shmem_broadcast;
	shmem_broadcast32;
	shmem_broadcast32_;
	shmem_broadcast32__;
	SHMEM_BROADCAST32;
	shmem_broadcast32_f;
	shmem_broadcast4_;
	shmem_broadcast4__;
	SHMEM_BROADCAST4;
	shmem_broadcast4_f;
	shmem_broadcast64;
	shmem_broadcast64_;
	shmem_broadcast64__;
	SHMEM_BROADCAST64;
	shmem_broadcast64_f;
	shmem_broadcast8_;
	shmem_broadcast8__;
	SHMEM_BROADCAST8;
	shmem_broadcast8_f;
	shmem_character_get_;
	shmem_character_get__;
	SHMEM_CHARACTER_GET;
	shmem_character_get_f;
	shmem_character_put_;
	shmem_character_put__;
	SHMEM_CHARACTER_PUT;
	shmem_character_put_f;
	shmem_char_g;
	shmem_char_get;
	shmem_char_p;
	shmem_char_put;
	shmem_clear_cache_inv;
	shmem_clear_cache_inv_;
	shmem_clear_cache_inv__;
	SHMEM_CLEAR_CACHE_INV;
	shmem_clear_cache_inv_f;
	shmem_clear_cache_line_inv;
	shmem_clear_cache_line_inv_;
	shmem_clear_cache_line_inv__;
	SHMEM_CLEAR_CACHE_LINE_INV;
	shmem_clear_cache_line_inv_f;
	shmem_clear_lock;
	shmem_clear_lock_;
	shmem_clear_lock__;
	SHMEM_CLEAR_LOCK;
	shmem_clear_lock_f;
	shmem_collect32;
	shmem_collect32_;
	shmem_collect32__;
	SHMEM_COLLECT32;
	shmem_collect32_f;
	shmem_collect4_;
	shmem_collect4__;
	SHMEM_COLLECT4;
	shmem_collect4_f;
	shmem_collect64;
	shmem_collect64_;
	shmem_collect64__;
	SHMEM_COLLECT64;
	shmem_collect64_f;
	shmem_collect8_;
	shmem_collect8__;
	SHMEM_COLLECT8;
	shmem_collect8_f;
	shmem_comp4_prod_to_all_;
	shmem_comp4_prod_to_all__;
	SHMEM_COMP4_PROD_TO_ALL;
	shmem_comp4_prod_to_all_f;
	shmem_comp4_sum_to_all_;
	shmem_comp4_sum_to_all__;
	SHMEM_COMP4_SUM_TO_ALL;
	shmem_comp4_sum_to_all_f;
	shmem_comp4_xor_to_all_;
	shmem_comp4_xor_to_all__;
	SHMEM_COMP4_XOR_TO_ALL;
	shmem_comp4_xor_to_all_f;
	shmem_comp8_prod_to_all_;
	shmem_comp8_prod_to_all__;
	SHMEM_COMP8_PROD_TO_ALL;
	shmem_comp8_prod_to_all_f;
	shmem_comp8_sum_to_all_;
	shmem_comp8_sum_to_all__;
	SHMEM_COMP8_SUM_TO_ALL;
	shmem_comp8_sum_to_all_f;
	shmem_comp8_xor_to_all_;
	shmem_comp8_xor_to_all__;
	SHMEM_COMP8_XOR_TO_ALL;
	shmem_comp8_xor_to_all_f;
	shmem_complexd_prod_to_all;
	shmem_complexd_sum_to_all;
	shmem_complexf_prod_to_all;
	shmem_complexf_sum_to_all;
	shmem_complex_get_;
	shmem_complex_get__;
	SHMEM_COMPLEX_GET;
	shmem_complex_get_f;
	shmem_complex_iget_;
	shmem_complex_iget__;
	SHMEM_COMPLEX_IGET;
	shmem_complex_iget_f;
	shmem_complex_iput_;
	shmem_complex_iput__;
	SHMEM_COMPLEX_IPUT;
	shmem_complex_iput_f;
	shmem_complex_put_;
	shmem_complex_put__;
	SHMEM_COMPLEX_PUT;
	shmem_complex_put_f;
	shmem_double_g;
	shmem_double_get;
	shmem_double_get_;
	shmem_double_get__;
	SHMEM_DOUBLE_GET;
	shmem_double_get_f;
	shmem_double_iget;
	shmem_double_iget_;
	shmem_double_iget__;
	SHMEM_DOUBLE_IGET;
	shmem_double_iget_f;
	shmem_double_iput;
	shmem_double_iput_;
	shmem_double_iput__;
	SHMEM_DOUBLE_IPUT;
	shmem_double_iput_f;
	shmem_double_max_to_all;
	shmem_double_min_to_all;
	shmem_double_p;
	shmem_double_prod_to_all;
	shmem_double_put;
	shmem_double_put_;
	shmem_double_put__;
	SHMEM_DOUBLE_PUT;
	shmem_double_put_f;
	shmem_double_sum_to_all;
	shmem_double_swap;
	shmem_fcollect32;
	shmem_fcollect32_;
	shmem_fcollect32__;
	SHMEM_FCOLLECT32;
	shmem_fcollect32_f;
	shmem_fcollect4_;
	shmem_fcollect4__;
	SHMEM_FCOLLECT4;
	shmem_fcollect4_f;
	shmem_fcollect64;
	shmem_fcollect64_;
	shmem_fcollect64__;
	SHMEM_FCOLLECT64;
	shmem_fcollect64_f;
	shmem_fcollect8_;
	shmem_fcollect8__;
	SHMEM_FCOLLECT8;
	shmem_fcollect8_f;
	shmem_fence;
	shmem_fence_;
	shmem_fence__;
	SHMEM_FENCE;
	shmem_fence_f;
	shmem_finalize;
	shmem_finalize_;
	shmem_finalize__;
	SHMEM_FINALIZE;
	shmem_finalize_f;
	shmem_float_g;
	shmem_float_get;
	shmem_float_iget;
	shmem_float_iput;
	shmem_float_max_to_all;
	shmem_float_min_to_all;
	shmem_float_p;
	shmem_float_prod_to_all;
	shmem_float_put;
	shmem_float_sum_to_all;
	shmem_float_swap;
	shmem_free;
	shmem_get;
	shmem_get128;
	shmem_get128_;
	shmem_get128__;
	SHMEM_GET128;
	shmem_get128_f;
	shmem_get32;
	shmem_get32_;
	shmem_get32__;
	SHMEM_GET32;
	shmem_get32_f;
	shmem_get4_;
	shmem_get4__;
	SHMEM_GET4;
	shmem_get4_f;
	shmem_get64;
	shmem_get64_;
	shmem_get64__;
	SHMEM_GET64;
	shmem_get64_f;
	shmem_get8_;
	shmem_get8__;
	SHMEM_GET8;
	shmem_get8_f;
	shmem_getmem;
	shmem_getmem_;
	shmem_getmem__;
	SHMEM_GETMEM;
	shmem_getmem_f;
	shmem_global_exit;
	shmem_global_exit_;
	shmem_global_exit__;
	SHMEM_GLOBAL_EXIT;
	shmem_global_exit_f;
	shmem_iget128;
	shmem_iget128_;
	shmem_iget128__;
	SHMEM_IGET128;
	shmem_iget128_f;
	shmem_iget32;
	shmem_iget32_;
	shmem_iget32__;
	SHMEM_IGET32;
	shmem_iget32_f;
	shmem_iget4_;
	shmem_iget4__;
	SHMEM_IGET4;
	shmem_iget4_f;
	shmem_iget64;
	shmem_iget64_;
	shmem_iget64__;
	SHMEM_IGET64;
	shmem_iget64_f;
	shmem_iget8_;
	shmem_iget8__;
	SHMEM_IGET8;
	shmem_iget8_f;
	shmem_info_get_name;
	shmem_info_get_name_;
	shmem_info_get_name__;
	SHMEM_INFO_GET_NAME;
	shmem_info_get_name_f;
	shmem_info_get_version;
	shmem_info_get_version_;
	shmem_info_get_version__;
	SHMEM_INFO_GET_VERSION;
	shmem_info_get_version_f;
	shmem_init;
	shmem_init_;
	shmem_init__;
	SHMEM_INIT;
	shmem_init_f;
	shmem_int2_and_to_all_;
	shmem_int2_and_to_all__;
	SHMEM_INT2_AND_TO_ALL;
	shmem_int2_and_to_all_f;
	shmem_int2_max_to_all_;
	shmem_int2_max_to_all__;
	SHMEM_INT2_MAX_TO_ALL;
	shmem_int2_max_to_all_f;
	shmem_int2_min_to_all_;
	shmem_int2_min_to_all__;
	SHMEM_INT2_MIN_TO_ALL;
	shmem_int2_min_to_all_f;
	shmem_int2_or_to_all_;
	shmem_int2_or_to_all__;
	SHMEM_INT2_OR_TO_ALL;
	shmem_int2_or_to_all_f;
	shmem_int2_prod_to_all_;
	shmem_int2_prod_to_all__;
	SHMEM_INT2_PROD_TO_ALL;
	shmem_int2_prod_to_all_f;
	shmem_int2_sum_to_all_;
	shmem_int2_sum_to_all__;
	SHMEM_INT2_SUM_TO_ALL;
	shmem_int2_sum_to_all_f;
	shmem_int2_xor_to_all_;
	shmem_int2_xor_to_all__;
	SHMEM_INT2_XOR_TO_ALL;
	shmem_int2_xor_to_all_f;
	shmem_int4_add_;
	shmem_int4_add__;
	SHMEM_INT4_ADD;
	shmem_int4_add_f;
	shmem_int4_and_to_all_;
	shmem_int4_and_to_all__;
	SHMEM_INT4_AND_TO_ALL;
	shmem_int4_and_to_all_f;
	shmem_int4_cswap_;
	shmem_int4_cswap__;
	SHMEM_INT4_CSWAP;
	shmem_int4_cswap_f;
	shmem_int4_fadd_;
	shmem_int4_fadd__;
	SHMEM_INT4_FADD;
	shmem_int4_fadd_f;
	shmem_int4_finc_;
	shmem_int4_finc__;
	SHMEM_INT4_FINC;
	shmem_int4_finc_f;
	shmem_int4_inc_;
	shmem_int4_inc__;
	SHMEM_INT4_INC;
	shmem_int4_inc_f;
	shmem_int4_max_to_all_;
	shmem_int4_max_to_all__;
	SHMEM_INT4_MAX_TO_ALL;
	shmem_int4_max_to_all_f;
	shmem_int4_min_to_all_;
	shmem_int4_min_to_all__;
	SHMEM_INT4_MIN_TO_ALL;
	shmem_int4_min_to_all_f;
	shmem_int4_or_to_all_;
	shmem_int4_or_to_all__;
	SHMEM_INT4_OR_TO_ALL;
	shmem_int4_or_to_all_f;
	shmem_int4_prod_to_all_;
	shmem_int4_prod_to_all__;
	SHMEM_INT4_PROD_TO_ALL;
	shmem_int4_prod_to_all_f;
	shmem_int4_sum_to_all_;
	shmem_int4_sum_to_all__;
	SHMEM_INT4_SUM_TO_ALL;
	shmem_int4_sum_to_all_f;
	shmem_int4_swap_;
	shmem_int4_swap__;
	SHMEM_INT4_SWAP;
	shmem_int4_swap_f;
	shmem_int4_wait_;
	shmem_int4_wait__;
	SHMEM_INT4_WAIT;
	shmem_int4_wait_f;
	shmem_int4_wait_until_;
	shmem_int4_wait_until__;
	SHMEM_INT4_WAIT_UNTIL;
	shmem_int4_wait_until_f;
	shmem_int4_xor_to_all_;
	shmem_int4_xor_to_all__;
	SHMEM_INT4_XOR_TO_ALL;
	shmem_int4_xor_to_all_f;
	shmem_int8_add_;
	shmem_int8_add__;
	SHMEM_INT8_ADD;
	shmem_int8_add_f;
	shmem_int8_and_to_all_;
	shmem_int8_and_to_all__;
	SHMEM_INT8_AND_TO_ALL;
	shmem_int8_and_to_all_f;
	shmem_int8_cswap_;
	shmem_int8_cswap__;
	SHMEM_INT8_CSWAP;
	shmem_int8_cswap_f;
	shmem_int8_fadd_;
	shmem_int8_fadd__;
	SHMEM_INT8_FADD;
	shmem_int8_fadd_f;
	shmem_int8_finc_;
	shmem_int8_finc__;
	SHMEM_INT8_FINC;
	shmem_int8_finc_f;
	shmem_int8_inc_;
	shmem_int8_inc__;
	SHMEM_INT8_INC;
	shmem_int8_inc_f;
	shmem_int8_max_to_all_;
	shmem_int8_max_to_all__;
	SHMEM_INT8_MAX_TO_ALL;
	shmem_int8_max_to_all_f;
	shmem_int8_min_to_all_;
	shmem_int8_min_to_all__;
	SHMEM_INT8_MIN_TO_ALL;
	shmem_int8_min_to_all_f;
	shmem_int8_or_to_all_;
	shmem_int8_or_to_all__;
	SHMEM_INT8_OR_TO_ALL;
	shmem_int8_or_to_all_f;
	shmem_int8_prod_to_all_;
	shmem_int8_prod_to_all__;
	SHMEM_INT8_PROD_TO_ALL;
	shmem_int8_prod_to_all_f;
	shmem_int8_sum_to_all_;
	shmem_int8_sum_to_all__;
	SHMEM_INT8_SUM_TO_ALL;
	shmem_int8_sum_to_all_f;
	shmem_int8_swap_;
	shmem_int8_swap__;
	SHMEM_INT8_SWAP;
	shmem_int8_swap_f;
	shmem_int8_wait_;
	shmem_int8_wait__;
	SHMEM_INT8_WAIT;
	shmem_int8_wait_f;
	shmem_int8_wait_until_;
	shmem_int8_wait_until__;
	SHMEM_INT8_WAIT_UNTIL;
	shmem_int8_wait_until_f;
	shmem_int8_xor_to_all_;
	shmem_int8_xor_to_all__;
	SHMEM_INT8_XOR_TO_ALL;
	shmem_int8_xor_to_all_f;
	shmem_int_add;
	shmem_int_and_to_all;
	shmem_int_cswap;
	shmem_integer_get_;
	shmem_integer_get__;
	SHMEM_INTEGER_GET;
	shmem_integer_get_f;
	shmem_integer_iget_;
	shmem_integer_iget__;
	SHMEM_INTEGER_IGET;
	shmem_integer_iget_f;
	shmem_integer_iput_;
	shmem_integer_iput__;
	SHMEM_INTEGER_IPUT;
	shmem_integer_iput_f;
	shmem_integer_put_;
	shmem_integer_put__;
	SHMEM_INTEGER_PUT;
	shmem_integer_put_f;
	shmem_int_fadd;
	shmem_int_finc;
	shmem_int_g;
	shmem_int_get;
	shmem_int_iget;
	shmem_int_inc;
	shmem_int_iput;
	shmem_int_max_to_all;
	shmem_int_min_to_all;
	shmem_int_or_to_all;
	shmem_int_p;
	shmem_int_prod_to_all;
	shmem_int_put;
	shmem_int_sum_to_all;
	shmem_int_swap;
	shmem_int_wait;
	shmem_int_wait_until;
	shmem_int_xor_to_all;
	shmem_iput128;
	shmem_iput128_;
	shmem_iput128__;
	SHMEM_IPUT128;
	shmem_iput128_f;
	shmem_iput32;
	shmem_iput32_;
	shmem_iput32__;
	SHMEM_IPUT32;
	shmem_iput32_f;
	shmem_iput4_;
	shmem_iput4__;
	SHMEM_IPUT4;
	shmem_iput4_f;
	shmem_iput64;
	shmem_iput64_;
	shmem_iput64__;
	SHMEM_IPUT64;
	shmem_iput64_f;
	shmem_iput8_;
	shmem_iput8__;
	SHMEM_IPUT8;
	shmem_iput8_f;
	shmem_lock_finalize;
	shmem_lock_init;
	shmem_logical_get_;
	shmem_logical_get__;
	SHMEM_LOGICAL_GET;
	shmem_logical_get_f;
	shmem_logical_iget_;
	shmem_logical_iget__;
	SHMEM_LOGICAL_IGET;
	shmem_logical_iget_f;
	shmem_logical_iput_;
	shmem_logical_iput__;
	SHMEM_LOGICAL_IPUT;
	shmem_logical_iput_f;
	shmem_logical_put_;
	shmem_logical_put__;
	SHMEM_LOGICAL_PUT;
	shmem_logical_put_f;
	shmem_long_add;
	shmem_long_and_to_all;
	shmem_long_cswap;
	shmem_longdouble_g;
	shmem_longdouble_get;
	shmem_longdouble_iget;
	shmem_longdouble_iput;
	shmem_longdouble_max_to_all;
	shmem_longdouble_min_to_all;
	shmem_longdouble_p;
	shmem_longdouble_prod_to_all;
	shmem_longdouble_put;
	shmem_longdouble_sum_to_all;
	shmem_long_fadd;
	shmem_long_finc;
	shmem_long_g;
	shmem_long_get;
	shmem_long_iget;
	shmem_long_inc;
	shmem_long_iput;
	shmem_longlong_add;
	shmem_longlong_and_to_all;
	shmem_longlong_cswap;
	shmem_longlong_fadd;
	shmem_longlong_finc;
	shmem_longlong_g;
	shmem_longlong_get;
	shmem_longlong_iget;
	shmem_longlong_inc;
	shmem_longlong_iput;
	shmem_longlong_max_to_all;
	shmem_longlong_min_to_all;
	shmem_longlong_or_to_all;
	shmem_longlong_p;
	shmem_longlong_prod_to_all;
	shmem_longlong_put;
	shmem_longlong_sum_to_all;
	shmem_longlong_swap;
	shmem_longlong_wait;
	shmem_longlong_wait_until;
	shmem_longlong_xor_to_all;
	shmem_long_max_to_all;
	shmem_long_min_to_all;
	shmem_long_or_to_all;
	shmem_long_p;
	shmem_long_prod_to_all;
	shmem_long_put;
	shmem_long_sum_to_all;
	shmem_long_swap;
	shmem_long_wait;
	shmem_long_wait_until;
	shmem_long_xor_to_all;
	shmem_malloc;
	shmem_my_pe;
	shmem_my_pe_;
	shmem_my_pe__;
	SHMEM_MY_PE;
	shmem_my_pe_f;
	shmem_n_pes;
	shmem_n_pes_;
	shmem_n_pes__;
	SHMEM_N_PES;
	shmem_n_pes_f;
	shmem_pe_accessible;
	shmem_pe_accessible_;
	shmem_pe_accessible__;
	SHMEM_PE_ACCESSIBLE;
	shmem_pe_accessible_f;
	shmem_ptr;
	shmem_ptr_;
	shmem_ptr__;
	SHMEM_PTR;
	shmem_ptr_f;
	shmem_put;
	shmem_put_;
	shmem_put__;
	SHMEM_PUT;
	shmem_put128;
	shmem_put128_;
	shmem_put128__;
	SHMEM_PUT128;
	shmem_put128_f;
	shmem_put32;
	shmem_put32_;
	shmem_put32__;
	SHMEM_PUT32;
	shmem_put32_f;
	shmem_put4_;
	shmem_put4__;
	SHMEM_PUT4;
	shmem_put4_f;
	shmem_put64;
	shmem_put64_;
	shmem_put64__;
	SHMEM_PUT64;
	shmem_put64_f;
	shmem_put8_;
	shmem_put8__;
	SHMEM_PUT8;
	shmem_put8_f;
	shmem_put_f;
	shmem_putmem;
	shmem_putmem_;
	shmem_putmem__;
	SHMEM_PUTMEM;
	shmem_putmem_f;
	shmem_quiet;
	shmem_quiet_;
	shmem_quiet__;
	SHMEM_QUIET;
	shmem_quiet_f;
	shmem_real16_max_to_all_;
	shmem_real16_max_to_all__;
	SHMEM_REAL16_MAX_TO_ALL;
	shmem_real16_max_to_all_f;
	shmem_real16_min_to_all_;
	shmem_real16_min_to_all__;
	SHMEM_REAL16_MIN_TO_ALL;
	shmem_real16_min_to_all_f;
	shmem_real16_prod_to_all_;
	shmem_real16_prod_to_all__;
	SHMEM_REAL16_PROD_TO_ALL;
	shmem_real16_prod_to_all_f;
	shmem_real16_sum_to_all_;
	shmem_real16_sum_to_all__;
	SHMEM_REAL16_SUM_TO_ALL;
	shmem_real16_sum_to_all_f;
	shmem_real4_max_to_all_;
	shmem_real4_max_to_all__;
	SHMEM_REAL4_MAX_TO_ALL;
	shmem_real4_max_to_all_f;
	shmem_real4_min_to_all_;
	shmem_real4_min_to_all__;
	SHMEM_REAL4_MIN_TO_ALL;
	shmem_real4_min_to_all_f;
	shmem_real4_prod_to_all_;
	shmem_real4_prod_to_all__;
	SHMEM_REAL4_PROD_TO_ALL;
	shmem_real4_prod_to_all_f;
	shmem_real4_sum_to_all_;
	shmem_real4_sum_to_all__;
	SHMEM_REAL4_SUM_TO_ALL;
	shmem_real4_sum_to_all_f;
	shmem_real4_swap_;
	shmem_real4_swap__;
	SHMEM_REAL4_SWAP;
	shmem_real4_swap_f;
	shmem_real8_max_to_all_;
	shmem_real8_max_to_all__;
	SHMEM_REAL8_MAX_TO_ALL;
	shmem_real8_max_to_all_f;
	shmem_real8_min_to_all_;
	shmem_real8_min_to_all__;
	SHMEM_REAL8_MIN_TO_ALL;
	shmem_real8_min_to_all_f;
	shmem_real8_prod_to_all_;
	shmem_real8_prod_to_all__;
	SHMEM_REAL8_PROD_TO_ALL;
	shmem_real8_prod_to_all_f;
	shmem_real8_sum_to_all_;
	shmem_real8_sum_to_all__;
	SHMEM_REAL8_SUM_TO_ALL;
	shmem_real8_sum_to_all_f;
	shmem_real8_swap_;
	shmem_real8_swap__;
	SHMEM_REAL8_SWAP;
	shmem_real8_swap_f;
	shmem_real_get_;
	shmem_real_get__;
	SHMEM_REAL_GET;
	shmem_real_get_f;
	shmem_real_iget_;
	shmem_real_iget__;
	SHMEM_REAL_IGET;
	shmem_real_iget_f;
	shmem_real_iput_;
	shmem_real_iput__;
	SHMEM_REAL_IPUT;
	shmem_real_iput_f;
	shmem_realloc;
	shmem_real_put_;
	shmem_real_put__;
	SHMEM_REAL_PUT;
	shmem_real_put_f;
	shmem_set_cache_inv;
	shmem_set_cache_inv_;
	shmem_set_cache_inv__;
	SHMEM_SET_CACHE_INV;
	shmem_set_cache_inv_f;
	shmem_set_cache_line_inv;
	shmem_set_cache_line_inv_;
	shmem_set_cache_line_inv__;
	SHMEM_SET_CACHE_LINE_INV;
	shmem_set_cache_line_inv_f;
	shmem_set_lock;
	shmem_set_lock_;
	shmem_set_lock__;
	SHMEM_SET_LOCK;
	shmem_set_lock_f;
	shmem_short_and_to_all;
	shmem_short_g;
	shmem_short_get;
	shmem_short_iget;
	shmem_short_iput;
	shmem_short_max_to_all;
	shmem_short_min_to_all;
	shmem_short_or_to_all;
	shmem_short_p;
	shmem_short_prod_to_all;
	shmem_short_put;
	shmem_short_sum_to_all;
	shmem_short_wait;
	shmem_short_wait_until;
	shmem_short_xor_to_all;
	shmem_swap;
	shmem_swap_;
	shmem_swap__;
	SHMEM_SWAP;
	shmem_swap_f;
	shmem_test_lock;
	shmem_test_lock_;
	shmem_test_lock__;
	SHMEM_TEST_LOCK;
	shmem_test_lock_f;
	shmem_udcflush;
	shmem_udcflush_;
	shmem_udcflush__;
	SHMEM_UDCFLUSH;
	shmem_udcflush_f;
	shmem_udcflush_line;
	shmem_udcflush_line_;
	shmem_udcflush_line__;
	SHMEM_UDCFLUSH_LINE;
	shmem_udcflush_line_f;
	shmem_wait;
	shmem_wait_;
	shmem_wait__;
	SHMEM_WAIT;
	shmem_wait_f;
	shmem_wait_until;
	shmem_wait_until_;
	shmem_wait_until__;
	SHMEM_WAIT_UNTIL;
	shmem_wait_until_f;
	shmemx_get16;
	shmemx_iget16;
	shmemx_int16_and_to_all;
	shmemx_int16_g;
	shmemx_int16_max_to_all;
	shmemx_int16_min_to_all;
	shmemx_int16_or_to_all;
	shmemx_int16_p;
	shmemx_int16_prod_to_all;
	shmemx_int16_sum_to_all;
	shmemx_int16_xor_to_all;
	shmemx_int32_add;
	shmemx_int32_and_to_all;
	shmemx_int32_cswap;
	shmemx_int32_fadd;
	shmemx_int32_finc;
	shmemx_int32_g;
	shmemx_int32_inc;
	shmemx_int32_max_to_all;
	shmemx_int32_min_to_all;
	shmemx_int32_or_to_all;
	shmemx_int32_p;
	shmemx_int32_prod_to_all;
	shmemx_int32_sum_to_all;
	shmemx_int32_swap;
	shmemx_int32_wait;
	shmemx_int32_wait_until;
	shmemx_int32_xor_to_all;
	shmemx_int64_add;
	shmemx_int64_and_to_all;
	shmemx_int64_cswap;
	shmemx_int64_fadd;
	shmemx_int64_finc;
	shmemx_int64_g;
	shmemx_int64_inc;
	shmemx_int64_max_to_all;
	shmemx_int64_min_to_all;
	shmemx_int64_or_to_all;
	shmemx_int64_p;
	shmemx_int64_prod_to_all;
	shmemx_int64_sum_to_all;
	shmemx_int64_swap;
	shmemx_int64_wait;
	shmemx_int64_wait_until;
	shmemx_int64_xor_to_all;
	shmemx_iput16;
	shmemx_put16;
	shpalloc_;
	shpalloc__;
	SHPALLOC;
	shpalloc_f;
	shpclmove_;
	shpclmove__;
	SHPCLMOVE;
	shpclmove_f;
	shpdeallc_;
	shpdeallc__;
	SHPDEALLC;
	shpdeallc_f;
	shrealloc;
	start_pes;
	start_pes_;
	start_pes__;
	START_PES;
	start_pes_f;
local:
	*;
};

/* The following assumed to be local:
_my_pe
_my_pe_
_num_pes
_shmem_test_lock
_shmem_clear_lock
_shmem_set_lock
lock_counter_head
lock_prev_pe_container_head
*/
