/* Symbol version map for libmpi_usempif08.so.20.0.0 (OpenMPI 2.0.0)
 * EXPERIMENTAL
 * Author: Alastair McKinstry <mckinstry@debian.org>
 * 2016-08-03
 */

OMPI_2.0.0 { 
global:
	mpi_abort_f08_;
	mpi_accumulate_f08_;
	mpi_add_error_class_f08_;
	mpi_add_error_code_f08_;
	mpi_add_error_string_f08_;
	mpi_aint_add_f08_;
	mpi_aint_diff_f08_;
	mpi_allgather_f08_;
	mpi_allgatherv_f08_;
	mpi_alloc_mem_f08_;
	mpi_allreduce_f08_;
	mpi_alltoall_f08_;
	mpi_alltoallv_f08_;
	mpi_alltoallw_f08_;
	mpi_barrier_f08_;
	mpi_bcast_f08_;
	mpi_bsend_f08_;
	mpi_bsend_init_f08_;
	mpi_buffer_attach_f08_;
	mpi_buffer_detach_f08_;
	mpi_cancel_f08_;
	mpi_cart_coords_f08_;
	mpi_cart_create_f08_;
	mpi_cartdim_get_f08_;
	mpi_cart_get_f08_;
	mpi_cart_map_f08_;
	mpi_cart_rank_f08_;
	mpi_cart_shift_f08_;
	mpi_cart_sub_f08_;
	mpi_close_port_f08_;
	mpi_comm_accept_f08_;
	mpi_comm_call_errhandler_f08_;
	mpi_comm_compare_f08_;
	mpi_comm_connect_f08_;
	mpi_comm_create_errhandler_f08_;
	mpi_comm_create_f08_;
	mpi_comm_create_group_f08_;
	mpi_comm_create_keyval_f08_;
	mpi_comm_delete_attr_f08_;
	mpi_comm_disconnect_f08_;
	mpi_comm_dup_f08_;
	mpi_comm_dup_with_info_f08_;
	mpi_comm_free_f08_;
	mpi_comm_free_keyval_f08_;
	mpi_comm_get_attr_f08_;
	mpi_comm_get_errhandler_f08_;
	mpi_comm_get_info_f08_;
	mpi_comm_get_name_f08_;
	mpi_comm_get_parent_f08_;
	mpi_comm_group_f08_;
	mpi_comm_idup_f08_;
	mpi_comm_join_f08_;
	mpi_comm_rank_f08_;
	mpi_comm_remote_group_f08_;
	mpi_comm_remote_size_f08_;
	mpi_comm_set_attr_f08_;
	mpi_comm_set_errhandler_f08_;
	mpi_comm_set_info_f08_;
	mpi_comm_set_name_f08_;
	mpi_comm_size_f08_;
	mpi_comm_spawn_f08_;
	mpi_comm_spawn_multiple_f08_;
	mpi_comm_split_f08_;
	mpi_comm_split_type_f08_;
	mpi_comm_test_inter_f08_;
	mpi_compare_and_swap_f08_;
	mpi_dims_create_f08_;
	mpi_dist_graph_create_adjacent_f08_;
	mpi_dist_graph_create_f08_;
	mpi_dist_graph_neighbors_count_f08_;
	mpi_dist_graph_neighbors_f08_;
	mpi_errhandler_free_f08_;
	mpi_error_class_f08_;
	mpi_error_string_f08_;
	mpi_exscan_f08_;
	mpi_fetch_and_op_f08_;
	mpi_file_call_errhandler_f08_;
	mpi_file_close_f08_;
	mpi_file_create_errhandler_f08_;
	mpi_file_delete_f08_;
	mpi_file_get_amode_f08_;
	mpi_file_get_atomicity_f08_;
	mpi_file_get_byte_offset_f08_;
	mpi_file_get_errhandler_f08_;
	mpi_file_get_group_f08_;
	mpi_file_get_info_f08_;
	mpi_file_get_position_f08_;
	mpi_file_get_position_shared_f08_;
	mpi_file_get_size_f08_;
	mpi_file_get_type_extent_f08_;
	mpi_file_get_view_f08_;
	mpi_file_iread_all_f08_;
	mpi_file_iread_at_all_f08_;
	mpi_file_iread_at_f08_;
	mpi_file_iread_f08_;
	mpi_file_iread_shared_f08_;
	mpi_file_iwrite_all_f08_;
	mpi_file_iwrite_at_all_f08_;
	mpi_file_iwrite_at_f08_;
	mpi_file_iwrite_f08_;
	mpi_file_iwrite_shared_f08_;
	mpi_file_open_f08_;
	mpi_file_preallocate_f08_;
	mpi_file_read_all_begin_f08_;
	mpi_file_read_all_end_f08_;
	mpi_file_read_all_f08_;
	mpi_file_read_at_all_begin_f08_;
	mpi_file_read_at_all_end_f08_;
	mpi_file_read_at_all_f08_;
	mpi_file_read_at_f08_;
	mpi_file_read_f08_;
	mpi_file_read_ordered_begin_f08_;
	mpi_file_read_ordered_end_f08_;
	mpi_file_read_ordered_f08_;
	mpi_file_read_shared_f08_;
	mpi_file_seek_f08_;
	mpi_file_seek_shared_f08_;
	mpi_file_set_atomicity_f08_;
	mpi_file_set_errhandler_f08_;
	mpi_file_set_info_f08_;
	mpi_file_set_size_f08_;
	mpi_file_set_view_f08_;
	mpi_file_sync_f08_;
	mpi_file_write_all_begin_f08_;
	mpi_file_write_all_end_f08_;
	mpi_file_write_all_f08_;
	mpi_file_write_at_all_begin_f08_;
	mpi_file_write_at_all_end_f08_;
	mpi_file_write_at_all_f08_;
	mpi_file_write_at_f08_;
	mpi_file_write_f08_;
	mpi_file_write_ordered_begin_f08_;
	mpi_file_write_ordered_end_f08_;
	mpi_file_write_ordered_f08_;
	mpi_file_write_shared_f08_;
	mpi_finalized_f08_;
	mpi_finalize_f08_;
	mpi_fortran_argv_null_;
	mpi_fortran_argvs_null_;
	mpi_fortran_bottom_;
	mpi_fortran_errcodes_ignore_;
	mpi_fortran_in_place_;
	mpi_fortran_statuses_ignore_;
	mpi_fortran_status_ignore_;
	mpi_fortran_unweighted_;
	mpi_fortran_weights_empty_;
	mpi_free_mem_f08_;
	mpi_f_sync_reg_f08_;
	mpi_gather_f08_;
	mpi_gatherv_f08_;
	mpi_get_accumulate_f08_;
	mpi_get_address_f08_;
	mpi_get_count_f08_;
	mpi_get_elements_f08_;
	mpi_get_elements_x_f08_;
	mpi_get_f08_;
	mpi_get_library_version_f08_;
	mpi_get_processor_name_f08_;
	mpi_get_version_f08_;
	mpi_graph_create_f08_;
	mpi_graphdims_get_f08_;
	mpi_graph_get_f08_;
	mpi_graph_map_f08_;
	mpi_graph_neighbors_count_f08_;
	mpi_graph_neighbors_f08_;
	mpi_grequest_complete_f08_;
	mpi_grequest_start_f08_;
	mpi_group_compare_f08_;
	mpi_group_difference_f08_;
	mpi_group_excl_f08_;
	mpi_group_free_f08_;
	mpi_group_incl_f08_;
	mpi_group_intersection_f08_;
	mpi_group_range_excl_f08_;
	mpi_group_range_incl_f08_;
	mpi_group_rank_f08_;
	mpi_group_size_f08_;
	mpi_group_translate_ranks_f08_;
	mpi_group_union_f08_;
	mpi_iallgather_f08_;
	mpi_iallgatherv_f08_;
	mpi_iallreduce_f08_;
	mpi_ialltoall_f08_;
	mpi_ialltoallv_f08_;
	mpi_ialltoallw_f08_;
	mpi_ibarrier_f08_;
	mpi_ibcast_f08_;
	mpi_ibsend_f08_;
	mpi_iexscan_f08_;
	mpi_igather_f08_;
	mpi_igatherv_f08_;
	mpi_improbe_f08_;
	mpi_imrecv_f08_;
	mpi_ineighbor_allgather_f08_;
	mpi_ineighbor_allgatherv_f08_;
	mpi_ineighbor_alltoall_f08_;
	mpi_ineighbor_alltoallv_f08_;
	mpi_ineighbor_alltoallw_f08_;
	mpi_info_create_f08_;
	mpi_info_delete_f08_;
	mpi_info_dup_f08_;
	mpi_info_free_f08_;
	mpi_info_get_f08_;
	mpi_info_get_nkeys_f08_;
	mpi_info_get_nthkey_f08_;
	mpi_info_get_valuelen_f08_;
	mpi_info_set_f08_;
	mpi_init_f08_;
	mpi_initialized_f08_;
	mpi_init_thread_f08_;
	mpi_intercomm_create_f08_;
	mpi_intercomm_merge_f08_;
	mpi_iprobe_f08_;
	mpi_irecv_f08_;
	mpi_ireduce_f08_;
	mpi_ireduce_scatter_block_f08_;
	mpi_ireduce_scatter_f08_;
	mpi_irsend_f08_;
	mpi_iscan_f08_;
	mpi_iscatter_f08_;
	mpi_iscatterv_f08_;
	mpi_isend_f08_;
	mpi_issend_f08_;
	mpi_is_thread_main_f08_;
	mpi_lookup_name_f08_;
	mpi_mprobe_f08_;
	mpi_mrecv_f08_;
	mpi_neighbor_allgather_f08_;
	mpi_neighbor_allgatherv_f08_;
	mpi_neighbor_alltoall_f08_;
	mpi_neighbor_alltoallv_f08_;
	mpi_neighbor_alltoallw_f08_;
	mpi_op_commutative_f08_;
	mpi_op_create_f08_;
	mpi_open_port_f08_;
	mpi_op_free_f08_;
	mpi_pack_external_f08_;
	mpi_pack_external_size_f08_;
	mpi_pack_f08_;
	mpi_pack_size_f08_;
	mpi_pcontrol_f08_;
	mpi_probe_f08_;
	mpi_publish_name_f08_;
	mpi_put_f08_;
	mpi_query_thread_f08_;
	mpi_raccumulate_f08_;
	mpi_recv_f08_;
	mpi_recv_init_f08_;
	mpi_reduce_f08_;
	mpi_reduce_local_f08_;
	mpi_reduce_scatter_block_f08_;
	mpi_reduce_scatter_f08_;
	mpi_register_datarep_f08_;
	mpi_request_free_f08_;
	mpi_request_get_status_f08_;
	mpi_rget_accumulate_f08_;
	mpi_rget_f08_;
	mpi_rput_f08_;
	mpi_rsend_f08_;
	mpi_rsend_init_f08_;
	mpi_scan_f08_;
	mpi_scatter_f08_;
	mpi_scatterv_f08_;
	mpi_send_f08_;
	mpi_send_init_f08_;
	mpi_sendrecv_f08_;
	mpi_sendrecv_replace_f08_;
	mpi_sizeof_complex128_r1_;
	mpi_sizeof_complex128_r2_;
	mpi_sizeof_complex128_r3_;
	mpi_sizeof_complex128_r4_;
	mpi_sizeof_complex128_r5_;
	mpi_sizeof_complex128_r6_;
	mpi_sizeof_complex128_r7_;
	mpi_sizeof_complex128_scalar_;
	mpi_sizeof_complex32_r1_;
	mpi_sizeof_complex32_r2_;
	mpi_sizeof_complex32_r3_;
	mpi_sizeof_complex32_r4_;
	mpi_sizeof_complex32_r5_;
	mpi_sizeof_complex32_r6_;
	mpi_sizeof_complex32_r7_;
	mpi_sizeof_complex32_scalar_;
	mpi_sizeof_complex64_r1_;
	mpi_sizeof_complex64_r2_;
	mpi_sizeof_complex64_r3_;
	mpi_sizeof_complex64_r4_;
	mpi_sizeof_complex64_r5_;
	mpi_sizeof_complex64_r6_;
	mpi_sizeof_complex64_r7_;
	mpi_sizeof_complex64_scalar_;
	mpi_sizeof_int16_r1_;
	mpi_sizeof_int16_r2_;
	mpi_sizeof_int16_r3_;
	mpi_sizeof_int16_r4_;
	mpi_sizeof_int16_r5_;
	mpi_sizeof_int16_r6_;
	mpi_sizeof_int16_r7_;
	mpi_sizeof_int16_scalar_;
	mpi_sizeof_int32_r1_;
	mpi_sizeof_int32_r2_;
	mpi_sizeof_int32_r3_;
	mpi_sizeof_int32_r4_;
	mpi_sizeof_int32_r5_;
	mpi_sizeof_int32_r6_;
	mpi_sizeof_int32_r7_;
	mpi_sizeof_int32_scalar_;
	mpi_sizeof_int64_r1_;
	mpi_sizeof_int64_r2_;
	mpi_sizeof_int64_r3_;
	mpi_sizeof_int64_r4_;
	mpi_sizeof_int64_r5_;
	mpi_sizeof_int64_r6_;
	mpi_sizeof_int64_r7_;
	mpi_sizeof_int64_scalar_;
	mpi_sizeof_int8_r1_;
	mpi_sizeof_int8_r2_;
	mpi_sizeof_int8_r3_;
	mpi_sizeof_int8_r4_;
	mpi_sizeof_int8_r5_;
	mpi_sizeof_int8_r6_;
	mpi_sizeof_int8_r7_;
	mpi_sizeof_int8_scalar_;
	mpi_sizeof_real128_r1_;
	mpi_sizeof_real128_r2_;
	mpi_sizeof_real128_r3_;
	mpi_sizeof_real128_r4_;
	mpi_sizeof_real128_r5_;
	mpi_sizeof_real128_r6_;
	mpi_sizeof_real128_r7_;
	mpi_sizeof_real128_scalar_;
	mpi_sizeof_real32_r1_;
	mpi_sizeof_real32_r2_;
	mpi_sizeof_real32_r3_;
	mpi_sizeof_real32_r4_;
	mpi_sizeof_real32_r5_;
	mpi_sizeof_real32_r6_;
	mpi_sizeof_real32_r7_;
	mpi_sizeof_real32_scalar_;
	mpi_sizeof_real64_r1_;
	mpi_sizeof_real64_r2_;
	mpi_sizeof_real64_r3_;
	mpi_sizeof_real64_r4_;
	mpi_sizeof_real64_r5_;
	mpi_sizeof_real64_r6_;
	mpi_sizeof_real64_r7_;
	mpi_sizeof_real64_scalar_;
	mpi_ssend_f08_;
	mpi_ssend_init_f08_;
	mpi_startall_f08_;
	mpi_start_f08_;
	mpi_status_set_cancelled_f08_;
	mpi_status_set_elements_f08_;
	mpi_status_set_elements_x_f08_;
	mpi_testall_f08_;
	mpi_testany_f08_;
	mpi_test_cancelled_f08_;
	mpi_test_f08_;
	mpi_testsome_f08_;
	mpi_topo_test_f08_;
	mpi_type_commit_f08_;
	mpi_type_contiguous_f08_;
	mpi_type_create_darray_f08_;
	mpi_type_create_f90_complex_f08_;
	mpi_type_create_f90_integer_f08_;
	mpi_type_create_f90_real_f08_;
	mpi_type_create_hindexed_block_f08_;
	mpi_type_create_hindexed_f08_;
	mpi_type_create_hvector_f08_;
	mpi_type_create_indexed_block_f08_;
	mpi_type_create_keyval_f08_;
	mpi_type_create_resized_f08_;
	mpi_type_create_struct_f08_;
	mpi_type_create_subarray_f08_;
	mpi_type_delete_attr_f08_;
	mpi_type_dup_f08_;
	mpi_type_free_f08_;
	mpi_type_free_keyval_f08_;
	mpi_type_get_attr_f08_;
	mpi_type_get_contents_f08_;
	mpi_type_get_envelope_f08_;
	mpi_type_get_extent_f08_;
	mpi_type_get_extent_x_f08_;
	mpi_type_get_name_f08_;
	mpi_type_get_true_extent_f08_;
	mpi_type_get_true_extent_x_f08_;
	mpi_type_indexed_f08_;
	mpi_type_match_size_f08_;
	mpi_type_set_attr_f08_;
	mpi_type_set_name_f08_;
	mpi_type_size_f08_;
	mpi_type_size_x_f08_;
	mpi_type_vector_f08_;
	mpi_unpack_external_f08_;
	mpi_unpack_f08_;
	mpi_unpublish_name_f08_;
	mpi_waitall_f08_;
	mpi_waitany_f08_;
	mpi_wait_f08_;
	mpi_waitsome_f08_;
	mpi_win_allocate_f08_;
	mpi_win_allocate_shared_f08_;
	mpi_win_attach_f08_;
	mpi_win_call_errhandler_f08_;
	mpi_win_complete_f08_;
	mpi_win_create_dynamic_f08_;
	mpi_win_create_errhandler_f08_;
	mpi_win_create_f08_;
	mpi_win_create_keyval_f08_;
	mpi_win_delete_attr_f08_;
	mpi_win_detach_f08_;
	mpi_win_fence_f08_;
	mpi_win_flush_all_f08_;
	mpi_win_flush_f08_;
	mpi_win_flush_local_all_f08_;
	mpi_win_flush_local_f08_;
	mpi_win_free_f08_;
	mpi_win_free_keyval_f08_;
	mpi_win_get_attr_f08_;
	mpi_win_get_errhandler_f08_;
	mpi_win_get_group_f08_;
	mpi_win_get_info_f08_;
	mpi_win_get_name_f08_;
	mpi_win_lock_all_f08_;
	mpi_win_lock_f08_;
	mpi_win_post_f08_;
	mpi_win_set_attr_f08_;
	mpi_win_set_errhandler_f08_;
	mpi_win_set_info_f08_;
	mpi_win_set_name_f08_;
	mpi_win_shared_query_f08_;
	mpi_win_start_f08_;
	mpi_win_sync_f08_;
	mpi_win_test_f08_;
	mpi_win_unlock_all_f08_;
	mpi_win_unlock_f08_;
	mpi_win_wait_f08_;
	ompi_buffer_detach_f08;
	ompi_f08_mpi_2complex;
	ompi_f08_mpi_2double_complex;
	ompi_f08_mpi_2double_precision;
	ompi_f08_mpi_2integer;
	ompi_f08_mpi_2real;
	ompi_f08_mpi_aint;
	ompi_f08_mpi_band;
	ompi_f08_mpi_bor;
	ompi_f08_mpi_bxor;
	ompi_f08_mpi_byte;
	ompi_f08_mpi_character;
	ompi_f08_mpi_comm_null;
	ompi_f08_mpi_comm_self;
	ompi_f08_mpi_comm_world;
	ompi_f08_mpi_complex;
	ompi_f08_mpi_complex16;
	ompi_f08_mpi_complex32;
	ompi_f08_mpi_complex8;
	ompi_f08_mpi_datatype_null;
	ompi_f08_mpi_double_complex;
	ompi_f08_mpi_double_precision;
	ompi_f08_mpi_errhandler_null;
	ompi_f08_mpi_errors_are_fatal;
	ompi_f08_mpi_errors_return;
	ompi_f08_mpi_file_null;
	ompi_f08_mpi_group_empty;
	ompi_f08_mpi_group_null;
	ompi_f08_mpi_info_env;
	ompi_f08_mpi_info_null;
	ompi_f08_mpi_integer;
	ompi_f08_mpi_integer1;
	ompi_f08_mpi_integer16;
	ompi_f08_mpi_integer2;
	ompi_f08_mpi_integer4;
	ompi_f08_mpi_integer8;
	ompi_f08_mpi_land;
	ompi_f08_mpi_lb;
	ompi_f08_mpi_logical;
	ompi_f08_mpi_logical1;
	ompi_f08_mpi_logical2;
	ompi_f08_mpi_logical4;
	ompi_f08_mpi_logical8;
	ompi_f08_mpi_lor;
	ompi_f08_mpi_lxor;
	ompi_f08_mpi_max;
	ompi_f08_mpi_maxloc;
	ompi_f08_mpi_message_no_proc;
	ompi_f08_mpi_message_null;
	ompi_f08_mpi_min;
	ompi_f08_mpi_minloc;
	ompi_f08_mpi_op_null;
	ompi_f08_mpi_packed;
	ompi_f08_mpi_prod;
	ompi_f08_mpi_real;
	ompi_f08_mpi_real16;
	ompi_f08_mpi_real2;
	ompi_f08_mpi_real4;
	ompi_f08_mpi_real8;
	ompi_f08_mpi_replace;
	ompi_f08_mpi_request_null;
	ompi_f08_mpi_sum;
	ompi_f08_mpi_ub;
	ompi_f08_mpi_win_null;
	pmpi_abort_f08_;
	pmpi_accumulate_f08_;
	pmpi_add_error_class_f08_;
	pmpi_add_error_code_f08_;
	pmpi_add_error_string_f08_;
	pmpi_aint_add_f08_;
	pmpi_aint_diff_f08_;
	pmpi_allgather_f08_;
	pmpi_allgatherv_f08_;
	pmpi_alloc_mem_f08_;
	pmpi_allreduce_f08_;
	pmpi_alltoall_f08_;
	pmpi_alltoallv_f08_;
	pmpi_alltoallw_f08_;
	pmpi_barrier_f08_;
	pmpi_bcast_f08_;
	pmpi_bsend_f08_;
	pmpi_bsend_init_f08_;
	pmpi_buffer_attach_f08_;
	pmpi_buffer_detach_f08_;
	pmpi_cancel_f08_;
	pmpi_cart_coords_f08_;
	pmpi_cart_create_f08_;
	pmpi_cartdim_get_f08_;
	pmpi_cart_get_f08_;
	pmpi_cart_map_f08_;
	pmpi_cart_rank_f08_;
	pmpi_cart_shift_f08_;
	pmpi_cart_sub_f08_;
	pmpi_close_port_f08_;
	pmpi_comm_accept_f08_;
	pmpi_comm_call_errhandler_f08_;
	pmpi_comm_compare_f08_;
	pmpi_comm_connect_f08_;
	pmpi_comm_create_errhandler_f08_;
	pmpi_comm_create_f08_;
	pmpi_comm_create_group_f08_;
	pmpi_comm_create_keyval_f08_;
	pmpi_comm_delete_attr_f08_;
	pmpi_comm_disconnect_f08_;
	pmpi_comm_dup_f08_;
	pmpi_comm_dup_with_info_f08_;
	pmpi_comm_free_f08_;
	pmpi_comm_free_keyval_f08_;
	pmpi_comm_get_attr_f08_;
	pmpi_comm_get_errhandler_f08_;
	pmpi_comm_get_info_f08_;
	pmpi_comm_get_name_f08_;
	pmpi_comm_get_parent_f08_;
	pmpi_comm_group_f08_;
	pmpi_comm_idup_f08_;
	pmpi_comm_join_f08_;
	pmpi_comm_rank_f08_;
	pmpi_comm_remote_group_f08_;
	pmpi_comm_remote_size_f08_;
	pmpi_comm_set_attr_f08_;
	pmpi_comm_set_errhandler_f08_;
	pmpi_comm_set_info_f08_;
	pmpi_comm_set_name_f08_;
	pmpi_comm_size_f08_;
	pmpi_comm_spawn_f08_;
	pmpi_comm_spawn_multiple_f08_;
	pmpi_comm_split_f08_;
	pmpi_comm_split_type_f08_;
	pmpi_comm_test_inter_f08_;
	pmpi_compare_and_swap_f08_;
	pmpi_dims_create_f08_;
	pmpi_dist_graph_create_adjacent_f08_;
	pmpi_dist_graph_create_f08_;
	pmpi_dist_graph_neighbors_count_f08_;
	pmpi_dist_graph_neighbors_f08_;
	pmpi_errhandler_free_f08_;
	pmpi_error_class_f08_;
	pmpi_error_string_f08_;
	pmpi_exscan_f08_;
	pmpi_fetch_and_op_f08_;
	pmpi_file_call_errhandler_f08_;
	pmpi_file_close_f08_;
	pmpi_file_create_errhandler_f08_;
	pmpi_file_delete_f08_;
	pmpi_file_get_amode_f08_;
	pmpi_file_get_atomicity_f08_;
	pmpi_file_get_byte_offset_f08_;
	pmpi_file_get_errhandler_f08_;
	pmpi_file_get_group_f08_;
	pmpi_file_get_info_f08_;
	pmpi_file_get_position_f08_;
	pmpi_file_get_position_shared_f08_;
	pmpi_file_get_size_f08_;
	pmpi_file_get_type_extent_f08_;
	pmpi_file_get_view_f08_;
	pmpi_file_iread_at_f08_;
	pmpi_file_iread_f08_;
	pmpi_file_iread_shared_f08_;
	pmpi_file_iwrite_at_f08_;
	pmpi_file_iwrite_f08_;
	pmpi_file_iwrite_shared_f08_;
	pmpi_file_open_f08_;
	pmpi_file_preallocate_f08_;
	pmpi_file_read_all_begin_f08_;
	pmpi_file_read_all_end_f08_;
	pmpi_file_read_all_f08_;
	pmpi_file_read_at_all_begin_f08_;
	pmpi_file_read_at_all_end_f08_;
	pmpi_file_read_at_all_f08_;
	pmpi_file_read_at_f08_;
	pmpi_file_read_f08_;
	pmpi_file_read_ordered_begin_f08_;
	pmpi_file_read_ordered_end_f08_;
	pmpi_file_read_ordered_f08_;
	pmpi_file_read_shared_f08_;
	pmpi_file_seek_f08_;
	pmpi_file_seek_shared_f08_;
	pmpi_file_set_atomicity_f08_;
	pmpi_file_set_errhandler_f08_;
	pmpi_file_set_info_f08_;
	pmpi_file_set_size_f08_;
	pmpi_file_set_view_f08_;
	pmpi_file_sync_f08_;
	pmpi_file_write_all_begin_f08_;
	pmpi_file_write_all_end_f08_;
	pmpi_file_write_all_f08_;
	pmpi_file_write_at_all_begin_f08_;
	pmpi_file_write_at_all_end_f08_;
	pmpi_file_write_at_all_f08_;
	pmpi_file_write_at_f08_;
	pmpi_file_write_f08_;
	pmpi_file_write_ordered_begin_f08_;
	pmpi_file_write_ordered_end_f08_;
	pmpi_file_write_ordered_f08_;
	pmpi_file_write_shared_f08_;
	pmpi_finalized_f08_;
	pmpi_finalize_f08_;
	pmpi_free_mem_f08_;
	pmpi_f_sync_reg_f08_;
	pmpi_gather_f08_;
	pmpi_gatherv_f08_;
	pmpi_get_accumulate_f08_;
	pmpi_get_address_f08_;
	pmpi_get_count_f08_;
	pmpi_get_elements_f08_;
	pmpi_get_elements_x_f08_;
	pmpi_get_f08_;
	pmpi_get_library_version_f08_;
	pmpi_get_processor_name_f08_;
	pmpi_get_version_f08_;
	pmpi_graph_create_f08_;
	pmpi_graphdims_get_f08_;
	pmpi_graph_get_f08_;
	pmpi_graph_map_f08_;
	pmpi_graph_neighbors_count_f08_;
	pmpi_graph_neighbors_f08_;
	pmpi_grequest_complete_f08_;
	pmpi_grequest_start_f08_;
	pmpi_group_compare_f08_;
	pmpi_group_difference_f08_;
	pmpi_group_excl_f08_;
	pmpi_group_free_f08_;
	pmpi_group_incl_f08_;
	pmpi_group_intersection_f08_;
	pmpi_group_range_excl_f08_;
	pmpi_group_range_incl_f08_;
	pmpi_group_rank_f08_;
	pmpi_group_size_f08_;
	pmpi_group_translate_ranks_f08_;
	pmpi_group_union_f08_;
	pmpi_iallgather_f08_;
	pmpi_iallgatherv_f08_;
	pmpi_iallreduce_f08_;
	pmpi_ialltoall_f08_;
	pmpi_ialltoallv_f08_;
	pmpi_ialltoallw_f08_;
	pmpi_ibarrier_f08_;
	pmpi_ibcast_f08_;
	pmpi_ibsend_f08_;
	pmpi_iexscan_f08_;
	pmpi_igather_f08_;
	pmpi_igatherv_f08_;
	pmpi_improbe_f08_;
	pmpi_imrecv_f08_;
	pmpi_ineighbor_allgather_f08_;
	pmpi_ineighbor_allgatherv_f08_;
	pmpi_ineighbor_alltoall_f08_;
	pmpi_ineighbor_alltoallv_f08_;
	pmpi_ineighbor_alltoallw_f08_;
	pmpi_info_create_f08_;
	pmpi_info_delete_f08_;
	pmpi_info_dup_f08_;
	pmpi_info_free_f08_;
	pmpi_info_get_f08_;
	pmpi_info_get_nkeys_f08_;
	pmpi_info_get_nthkey_f08_;
	pmpi_info_get_valuelen_f08_;
	pmpi_info_set_f08_;
	pmpi_init_f08_;
	pmpi_initialized_f08_;
	pmpi_init_thread_f08_;
	pmpi_intercomm_create_f08_;
	pmpi_intercomm_merge_f08_;
	pmpi_iprobe_f08_;
	pmpi_irecv_f08_;
	pmpi_ireduce_f08_;
	pmpi_ireduce_scatter_block_f08_;
	pmpi_ireduce_scatter_f08_;
	pmpi_irsend_f08_;
	pmpi_iscan_f08_;
	pmpi_iscatter_f08_;
	pmpi_iscatterv_f08_;
	pmpi_isend_f08_;
	pmpi_issend_f08_;
	pmpi_is_thread_main_f08_;
	pmpi_lookup_name_f08_;
	pmpi_mprobe_f08_;
	pmpi_mrecv_f08_;
	pmpi_neighbor_allgather_f08_;
	pmpi_neighbor_allgatherv_f08_;
	pmpi_neighbor_alltoall_f08_;
	pmpi_neighbor_alltoallv_f08_;
	pmpi_neighbor_alltoallw_f08_;
	pmpi_op_commutative_f08_;
	pmpi_op_create_f08_;
	pmpi_open_port_f08_;
	pmpi_op_free_f08_;
	pmpi_pack_external_f08_;
	pmpi_pack_external_size_f08_;
	pmpi_pack_f08_;
	pmpi_pack_size_f08_;
	pmpi_pcontrol_f08_;
	pmpi_probe_f08_;
	pmpi_publish_name_f08_;
	pmpi_put_f08_;
	pmpi_query_thread_f08_;
	pmpi_raccumulate_f08_;
	pmpi_recv_f08_;
	pmpi_recv_init_f08_;
	pmpi_reduce_f08_;
	pmpi_reduce_local_f08_;
	pmpi_reduce_scatter_block_f08_;
	pmpi_reduce_scatter_f08_;
	pmpi_register_datarep_f08_;
	pmpi_request_free_f08_;
	pmpi_request_get_status_f08_;
	pmpi_rget_accumulate_f08_;
	pmpi_rget_f08_;
	pmpi_rput_f08_;
	pmpi_rsend_f08_;
	pmpi_rsend_init_f08_;
	pmpi_scan_f08_;
	pmpi_scatter_f08_;
	pmpi_scatterv_f08_;
	pmpi_send_f08_;
	pmpi_send_init_f08_;
	pmpi_sendrecv_f08_;
	pmpi_sendrecv_replace_f08_;
	pmpi_sizeof_complex128_r1_;
	pmpi_sizeof_complex128_r2_;
	pmpi_sizeof_complex128_r3_;
	pmpi_sizeof_complex128_r4_;
	pmpi_sizeof_complex128_r5_;
	pmpi_sizeof_complex128_r6_;
	pmpi_sizeof_complex128_r7_;
	pmpi_sizeof_complex128_scalar_;
	pmpi_sizeof_complex32_r1_;
	pmpi_sizeof_complex32_r2_;
	pmpi_sizeof_complex32_r3_;
	pmpi_sizeof_complex32_r4_;
	pmpi_sizeof_complex32_r5_;
	pmpi_sizeof_complex32_r6_;
	pmpi_sizeof_complex32_r7_;
	pmpi_sizeof_complex32_scalar_;
	pmpi_sizeof_complex64_r1_;
	pmpi_sizeof_complex64_r2_;
	pmpi_sizeof_complex64_r3_;
	pmpi_sizeof_complex64_r4_;
	pmpi_sizeof_complex64_r5_;
	pmpi_sizeof_complex64_r6_;
	pmpi_sizeof_complex64_r7_;
	pmpi_sizeof_complex64_scalar_;
	pmpi_sizeof_int16_r1_;
	pmpi_sizeof_int16_r2_;
	pmpi_sizeof_int16_r3_;
	pmpi_sizeof_int16_r4_;
	pmpi_sizeof_int16_r5_;
	pmpi_sizeof_int16_r6_;
	pmpi_sizeof_int16_r7_;
	pmpi_sizeof_int16_scalar_;
	pmpi_sizeof_int32_r1_;
	pmpi_sizeof_int32_r2_;
	pmpi_sizeof_int32_r3_;
	pmpi_sizeof_int32_r4_;
	pmpi_sizeof_int32_r5_;
	pmpi_sizeof_int32_r6_;
	pmpi_sizeof_int32_r7_;
	pmpi_sizeof_int32_scalar_;
	pmpi_sizeof_int64_r1_;
	pmpi_sizeof_int64_r2_;
	pmpi_sizeof_int64_r3_;
	pmpi_sizeof_int64_r4_;
	pmpi_sizeof_int64_r5_;
	pmpi_sizeof_int64_r6_;
	pmpi_sizeof_int64_r7_;
	pmpi_sizeof_int64_scalar_;
	pmpi_sizeof_int8_r1_;
	pmpi_sizeof_int8_r2_;
	pmpi_sizeof_int8_r3_;
	pmpi_sizeof_int8_r4_;
	pmpi_sizeof_int8_r5_;
	pmpi_sizeof_int8_r6_;
	pmpi_sizeof_int8_r7_;
	pmpi_sizeof_int8_scalar_;
	pmpi_sizeof_real128_r1_;
	pmpi_sizeof_real128_r2_;
	pmpi_sizeof_real128_r3_;
	pmpi_sizeof_real128_r4_;
	pmpi_sizeof_real128_r5_;
	pmpi_sizeof_real128_r6_;
	pmpi_sizeof_real128_r7_;
	pmpi_sizeof_real128_scalar_;
	pmpi_sizeof_real32_r1_;
	pmpi_sizeof_real32_r2_;
	pmpi_sizeof_real32_r3_;
	pmpi_sizeof_real32_r4_;
	pmpi_sizeof_real32_r5_;
	pmpi_sizeof_real32_r6_;
	pmpi_sizeof_real32_r7_;
	pmpi_sizeof_real32_scalar_;
	pmpi_sizeof_real64_r1_;
	pmpi_sizeof_real64_r2_;
	pmpi_sizeof_real64_r3_;
	pmpi_sizeof_real64_r4_;
	pmpi_sizeof_real64_r5_;
	pmpi_sizeof_real64_r6_;
	pmpi_sizeof_real64_r7_;
	pmpi_sizeof_real64_scalar_;
	pmpi_ssend_f08_;
	pmpi_ssend_init_f08_;
	pmpi_startall_f08_;
	pmpi_start_f08_;
	pmpi_status_set_cancelled_f08_;
	pmpi_status_set_elements_f08_;
	pmpi_status_set_elements_x_f08_;
	pmpi_testall_f08_;
	pmpi_testany_f08_;
	pmpi_test_cancelled_f08_;
	pmpi_test_f08_;
	pmpi_testsome_f08_;
	pmpi_topo_test_f08_;
	pmpi_type_commit_f08_;
	pmpi_type_contiguous_f08_;
	pmpi_type_create_darray_f08_;
	pmpi_type_create_f90_complex_f08_;
	pmpi_type_create_f90_integer_f08_;
	pmpi_type_create_f90_real_f08_;
	pmpi_type_create_hindexed_block_f08_;
	pmpi_type_create_hindexed_f08_;
	pmpi_type_create_hvector_f08_;
	pmpi_type_create_indexed_block_f08_;
	pmpi_type_create_keyval_f08_;
	pmpi_type_create_resized_f08_;
	pmpi_type_create_struct_f08_;
	pmpi_type_create_subarray_f08_;
	pmpi_type_delete_attr_f08_;
	pmpi_type_dup_f08_;
	pmpi_type_free_f08_;
	pmpi_type_free_keyval_f08_;
	pmpi_type_get_attr_f08_;
	pmpi_type_get_contents_f08_;
	pmpi_type_get_envelope_f08_;
	pmpi_type_get_extent_f08_;
	pmpi_type_get_extent_x_f08_;
	pmpi_type_get_name_f08_;
	pmpi_type_get_true_extent_f08_;
	pmpi_type_get_true_extent_x_f08_;
	pmpi_type_indexed_f08_;
	pmpi_type_match_size_f08_;
	pmpi_type_set_attr_f08_;
	pmpi_type_set_name_f08_;
	pmpi_type_size_f08_;
	pmpi_type_size_x_f08_;
	pmpi_type_vector_f08_;
	pmpi_unpack_external_f08_;
	pmpi_unpack_f08_;
	pmpi_unpublish_name_f08_;
	pmpi_waitall_f08_;
	pmpi_waitany_f08_;
	pmpi_wait_f08_;
	pmpi_waitsome_f08_;
	pmpi_win_allocate_f08_;
	pmpi_win_allocate_shared_f08_;
	pmpi_win_attach_f08_;
	pmpi_win_call_errhandler_f08_;
	pmpi_win_complete_f08_;
	pmpi_win_create_dynamic_f08_;
	pmpi_win_create_errhandler_f08_;
	pmpi_win_create_f08_;
	pmpi_win_create_keyval_f08_;
	pmpi_win_delete_attr_f08_;
	pmpi_win_detach_f08_;
	pmpi_win_fence_f08_;
	pmpi_win_flush_all_f08_;
	pmpi_win_flush_f08_;
	pmpi_win_flush_local_all_f08_;
	pmpi_win_flush_local_f08_;
	pmpi_win_free_f08_;
	pmpi_win_free_keyval_f08_;
	pmpi_win_get_attr_f08_;
	pmpi_win_get_errhandler_f08_;
	pmpi_win_get_group_f08_;
	pmpi_win_get_info_f08_;
	pmpi_win_get_name_f08_;
	pmpi_win_lock_all_f08_;
	pmpi_win_lock_f08_;
	pmpi_win_post_f08_;
	pmpi_win_set_attr_f08_;
	pmpi_win_set_errhandler_f08_;
	pmpi_win_set_info_f08_;
	pmpi_win_set_name_f08_;
	pmpi_win_shared_query_f08_;
	pmpi_win_start_f08_;
	pmpi_win_sync_f08_;
	pmpi_win_test_f08_;
	pmpi_win_unlock_all_f08_;
	pmpi_win_unlock_f08_;
	pmpi_win_wait_f08_;
	pompi_buffer_detach_f08;
local:
	*;
};

/*
Assumed local:
__mpi_f08_callbacks_MOD_mpi_comm_dup_fn;
__mpi_f08_callbacks_MOD_mpi_comm_null_copy_fn;
__mpi_f08_callbacks_MOD_mpi_comm_null_delete_fn;
__mpi_f08_callbacks_MOD_mpi_conversion_fn_null;
__mpi_f08_callbacks_MOD_mpi_type_dup_fn;
__mpi_f08_callbacks_MOD_mpi_type_null_copy_fn;
__mpi_f08_callbacks_MOD_mpi_type_null_delete_fn
__mpi_f08_callbacks_MOD_mpi_win_dup_fn
__mpi_f08_callbacks_MOD_mpi_win_null_copy_fn
__mpi_f08_callbacks_MOD_mpi_win_null_delete_fn
__mpi_f08_types_MOD_ompi_comm_op_eq
__mpi_f08_types_MOD_ompi_comm_op_ne
__mpi_f08_types_MOD_ompi_datatype_op_eq
__mpi_f08_types_MOD_ompi_datatype_op_ne
__mpi_f08_types_MOD_ompi_errhandler_op_eq
__mpi_f08_types_MOD_ompi_errhandler_op_ne
__mpi_f08_types_MOD_ompi_file_op_eq
__mpi_f08_types_MOD_ompi_file_op_ne
__mpi_f08_types_MOD_ompi_group_op_eq
__mpi_f08_types_MOD_ompi_group_op_ne
__mpi_f08_types_MOD_ompi_info_op_eq
__mpi_f08_types_MOD_ompi_info_op_ne
__mpi_f08_types_MOD_ompi_message_op_eq
__mpi_f08_types_MOD_ompi_message_op_ne
__mpi_f08_types_MOD_ompi_op_op_eq
__mpi_f08_types_MOD_ompi_op_op_ne
__mpi_f08_types_MOD_ompi_request_op_eq
__mpi_f08_types_MOD_ompi_request_op_ne
__mpi_f08_types_MOD_ompi_win_op_eq
__mpi_f08_types_MOD_ompi_win_op_ne
*/