/* Symbol version map for libmpi_cxx.so.20.0.0 (OpenMPI 2.0.0)
 * EXPERIMENTAL
 * Author: Alastair McKinstry <mckinstry@debian.org>
 * 2016-08-03
 */

OMPI_2.0.0 {
global:
	intercept_extra_state_t_class;
	ompi_mpi_cxx_comm_copy_attr_intercept;
	ompi_mpi_cxx_comm_delete_attr_intercept;
	ompi_mpi_cxx_comm_errhandler_invoke;
	ompi_mpi_cxx_comm_throw_excptn_fctn;
	ompi_mpi_cxx_file_errhandler_invoke;
	ompi_mpi_cxx_file_throw_excptn_fctn;
	ompi_mpi_cxx_grequest_cancel_fn_intercept;
	ompi_mpi_cxx_grequest_free_fn_intercept;
	ompi_mpi_cxx_grequest_query_fn_intercept;
	ompi_mpi_cxx_op_intercept;
	ompi_mpi_cxx_throw_exception;
	ompi_mpi_cxx_type_copy_attr_intercept;
	ompi_mpi_cxx_type_delete_attr_intercept;
	ompi_mpi_cxx_win_copy_attr_intercept;
	ompi_mpi_cxx_win_delete_attr_intercept;
	ompi_mpi_cxx_win_errhandler_invoke;
	ompi_mpi_cxx_win_throw_excptn_fctn;
	_ZN3MPI10ARGVS_NULLE;
	_ZN3MPI10COMM_WORLDE;
	_ZN3MPI10DOUBLE_INTE;
	_ZN3MPI10Errhandler4FreeEv;
	_ZN3MPI10ErrhandlerD0Ev;
	_ZN3MPI10ErrhandlerD1Ev;
	_ZN3MPI10ErrhandlerD2Ev;
	_ZN3MPI10GROUP_NULLE;
	_ZN3MPI10TWOINTEGERE;
	_ZN3MPI11GROUP_EMPTYE;
	_ZN3MPI11LONG_DOUBLEE;
	_ZN3MPI11SIGNED_CHARE;
	_ZN3MPI12REQUEST_NULLE;
	_ZN3MPI13DATATYPE_NULLE;
	_ZN3MPI13ERRORS_RETURNE;
	_ZN3MPI13LONG_LONG_INTE;
	_ZN3MPI13UNSIGNED_CHARE;
	_ZN3MPI13UNSIGNED_LONGE;
	_ZN3MPI14DOUBLE_COMPLEXE;
	_ZN3MPI14UNSIGNED_SHORTE;
	_ZN3MPI15ERRHANDLER_NULLE;
	_ZN3MPI15LONG_DOUBLE_INTE;
	_ZN3MPI16DOUBLE_PRECISIONE;
	_ZN3MPI16ERRORS_ARE_FATALE;
	_ZN3MPI16F_DOUBLE_COMPLEXE;
	_ZN3MPI16Register_datarepEPKcPFiPvP15ompi_datatype_tiS2_xS2_EPFvS2_RNS_8DatatypeEiS2_xS2_EPFvRKS7_RlS2_ES2_;
	_ZN3MPI16Register_datarepEPKcPFiPvP15ompi_datatype_tiS2_xS2_ES6_PFvRKNS_8DatatypeERlS2_ES2_;
	_ZN3MPI16Register_datarepEPKcPFvPvRNS_8DatatypeEiS2_xS2_EPFiS2_P15ompi_datatype_tiS2_xS2_EPFvRKS3_RlS2_ES2_;
	_ZN3MPI16Register_datarepEPKcPFvPvRNS_8DatatypeEiS2_xS2_ES6_PFvRKS3_RlS2_ES2_;
	_ZN3MPI18UNSIGNED_LONG_LONGE;
	_ZN3MPI19LONG_DOUBLE_COMPLEXE;
	_ZN3MPI19TWODOUBLE_PRECISIONE;
	_ZN3MPI20InitializeInterceptsEv;
	_ZN3MPI23ERRORS_THROW_EXCEPTIONSE;
	_ZN3MPI26ompi_libcxx_version_stringE;
	_ZN3MPI2LBE;
	_ZN3MPI2Op4FreeEv;
	_ZN3MPI2Op4InitEPFvPKvPviRKNS_8DatatypeEEb;
	_ZN3MPI2OpD0Ev;
	_ZN3MPI2OpD1Ev;
	_ZN3MPI2OpD2Ev;
	_ZN3MPI2UBE;
	_ZN3MPI3BORE;
	_ZN3MPI3INTE;
	_ZN3MPI3LORE;
	_ZN3MPI3MAXE;
	_ZN3MPI3MINE;
	_ZN3MPI3SUME;
	_ZN3MPI3Win11Delete_attrEi;
	_ZN3MPI3Win16do_create_keyvalEPFiP10ompi_win_tiPvS3_S3_PiEPFiS2_iS3_S3_EPFiRKS0_iS3_S3_S3_RbEPFiRS0_iS3_S3_ES3_Ri;
	_ZN3MPI3Win17Create_errhandlerEPFvRS0_PizE;
	_ZN3MPI3Win4FreeEv;
	_ZN3MPI3Win8Set_attrEiPKv;
	_ZN3MPI3Win8Set_nameEPKc;
	_ZN3MPI3WinD0Ev;
	_ZN3MPI3WinD1Ev;
	_ZN3MPI3WinD2Ev;
	_ZN3MPI4BANDE;
	_ZN3MPI4BOOLE;
	_ZN3MPI4BXORE;
	_ZN3MPI4BYTEE;
	_ZN3MPI4CHARE;
	_ZN3MPI4Comm10DisconnectEv;
	_ZN3MPI4Comm11Delete_attrEi;
	_ZN3MPI4Comm14Set_errhandlerERKNS_10ErrhandlerE;
	_ZN3MPI4Comm16do_create_keyvalEPFiP19ompi_communicator_tiPvS3_S3_PiEPFiS2_iS3_S3_EPFiRKS0_iS3_S3_S3_RbEPFiRS0_iS3_S3_ES3_Ri;
	_ZN3MPI4Comm17Create_errhandlerEPFvRS0_PizE;
	_ZN3MPI4Comm4FreeEv;
	_ZN3MPI4Comm5AbortEi;
	_ZN3MPI4Comm8Set_nameEPKc;
	_ZN3MPI4CommC1ERKNS_9Comm_NullE;
	_ZN3MPI4CommC1Ev;
	_ZN3MPI4CommC2ERKNS_9Comm_NullE;
	_ZN3MPI4CommC2Ev;
	_ZN3MPI4File17Create_errhandlerEPFvRS0_PizE;
	_ZN3MPI4File5CloseEv;
	_ZN3MPI4FileD0Ev;
	_ZN3MPI4FileD1Ev;
	_ZN3MPI4FileD2Ev;
	_ZN3MPI4Info3SetEPKcS2_;
	_ZN3MPI4Info4FreeEv;
	_ZN3MPI4Info6DeleteEPKc;
	_ZN3MPI4InfoD0Ev;
	_ZN3MPI4InfoD1Ev;
	_ZN3MPI4InfoD2Ev;
	_ZN3MPI4LANDE;
	_ZN3MPI4LONGE;
	_ZN3MPI4LXORE;
	_ZN3MPI4PRODE;
	_ZN3MPI4REALE;
	_ZN3MPI5FLOATE;
	_ZN3MPI5Group4FreeEv;
	_ZN3MPI5GroupD0Ev;
	_ZN3MPI5GroupD1Ev;
	_ZN3MPI5GroupD2Ev;
	_ZN3MPI5REAL2E;
	_ZN3MPI5REAL4E;
	_ZN3MPI5REAL8E;
	_ZN3MPI5SHORTE;
	_ZN3MPI5WCHARE;
	_ZN3MPI6BOTTOME;
	_ZN3MPI6DOUBLEE;
	_ZN3MPI6MAXLOCE;
	_ZN3MPI6MINLOCE;
	_ZN3MPI6PACKEDE;
	_ZN3MPI6Status10Set_sourceEi;
	_ZN3MPI6Status12Set_elementsERKNS_8DatatypeEi;
	_ZN3MPI6Status13Set_cancelledEb;
	_ZN3MPI6Status7Set_tagEi;
	_ZN3MPI6Status9Set_errorEi;
	_ZN3MPI6StatusD0Ev;
	_ZN3MPI6StatusD1Ev;
	_ZN3MPI6StatusD2Ev;
	_ZN3MPI6TWOINTE;
	_ZN3MPI7COMPLEXE;
	_ZN3MPI7INTEGERE;
	_ZN3MPI7LOGICALE;
	_ZN3MPI7OP_NULLE;
	_ZN3MPI7REPLACEE;
	_ZN3MPI7Request4FreeEv;
	_ZN3MPI7Request4TestERNS_6StatusE;
	_ZN3MPI7Request4TestEv;
	_ZN3MPI7Request4WaitERNS_6StatusE;
	_ZN3MPI7Request4WaitEv;
	_ZN3MPI7RequestD0Ev;
	_ZN3MPI7RequestD1Ev;
	_ZN3MPI7RequestD2Ev;
	_ZN3MPI7TWOREALE;
	_ZN3MPI8CartcommD0Ev;
	_ZN3MPI8CartcommD1Ev;
	_ZN3MPI8CartcommD2Ev;
	_ZN3MPI8Datatype11Delete_attrEi;
	_ZN3MPI8Datatype16do_create_keyvalEPFiP15ompi_datatype_tiPvS3_S3_PiEPFiS2_iS3_S3_EPFiRKS0_iS3_PKvS3_RbEPFiRS0_iS3_S3_ES3_Ri;
	_ZN3MPI8Datatype4FreeEv;
	_ZN3MPI8Datatype6CommitEv;
	_ZN3MPI8Datatype8Set_attrEiPKv;
	_ZN3MPI8Datatype8Set_nameEPKc;
	_ZN3MPI8DatatypeD0Ev;
	_ZN3MPI8DatatypeD1Ev;
	_ZN3MPI8DatatypeD2Ev;
	_ZN3MPI8Grequest8CompleteEv;
	_ZN3MPI8GrequestD0Ev;
	_ZN3MPI8GrequestD1Ev;
	_ZN3MPI8GrequestD2Ev;
	_ZN3MPI8IN_PLACEE;
	_ZN3MPI8INTEGER1E;
	_ZN3MPI8INTEGER2E;
	_ZN3MPI8INTEGER4E;
	_ZN3MPI8LONG_INTE;
	_ZN3MPI8Prequest5StartEv;
	_ZN3MPI8PrequestD0Ev;
	_ZN3MPI8PrequestD1Ev;
	_ZN3MPI8PrequestD2Ev;
	_ZN3MPI8UNSIGNEDE;
	_ZN3MPI8WIN_NULLE;
	_ZN3MPI9ARGV_NULLE;
	_ZN3MPI9CHARACTERE;
	_ZN3MPI9Comm_NullD0Ev;
	_ZN3MPI9Comm_NullD1Ev;
	_ZN3MPI9Comm_NullD2Ev;
	_ZN3MPI9COMM_NULLE;
	_ZN3MPI9COMM_SELFE;
	_ZN3MPI9F_COMPLEXE;
	_ZN3MPI9FILE_NULLE;
	_ZN3MPI9FLOAT_INTE;
	_ZN3MPI9GraphcommD0Ev;
	_ZN3MPI9GraphcommD1Ev;
	_ZN3MPI9GraphcommD2Ev;
	_ZN3MPI9INFO_NULLE;
	_ZN3MPI9IntercommD0Ev;
	_ZN3MPI9IntercommD1Ev;
	_ZN3MPI9IntercommD2Ev;
	_ZN3MPI9Intracomm14Spawn_multipleEiPPKcPS3_PKiPKNS_4InfoEi;
	_ZN3MPI9Intracomm14Spawn_multipleEiPPKcPS3_PKiPKNS_4InfoEiPi;
	_ZN3MPI9IntracommC1EP19ompi_communicator_t;
	_ZN3MPI9IntracommC2EP19ompi_communicator_t;
	_ZN3MPI9IntracommD0Ev;
	_ZN3MPI9IntracommD1Ev;
	_ZN3MPI9IntracommD2Ev;
	_ZN3MPI9LONG_LONGE;
	_ZN3MPI9mpi_errnoE;
	_ZN3MPI9SHORT_INTE;
	_ZNK3MPI2Op12Reduce_localEPKvPviRKNS_8DatatypeE;
	_ZNK3MPI2Op14Is_commutativeEv;
	_ZNK3MPI3Win10AccumulateEPKviRKNS_8DatatypeEiliS5_RKNS_2OpE;
	_ZNK3MPI3Win14Get_errhandlerEv;
	_ZNK3MPI3Win14Set_errhandlerERKNS_10ErrhandlerE;
	_ZNK3MPI3Win15Call_errhandlerEi;
	_ZNK3MPI3Win3GetEPKviRKNS_8DatatypeEiliS5_;
	_ZNK3MPI3Win3PutEPKviRKNS_8DatatypeEiliS5_;
	_ZNK3MPI3Win4LockEiii;
	_ZNK3MPI3Win4PostERKNS_5GroupEi;
	_ZNK3MPI3Win4TestEv;
	_ZNK3MPI3Win4WaitEv;
	_ZNK3MPI3Win5FenceEi;
	_ZNK3MPI3Win5StartERKNS_5GroupEi;
	_ZNK3MPI3Win6UnlockEi;
	_ZNK3MPI3Win8CompleteEv;
	_ZNK3MPI3Win8Get_nameEPcRi;
	_ZNK3MPI3Win9Get_groupEv;
	_ZNK3MPI4Comm10AllgathervEPKviRKNS_8DatatypeEPvPKiS8_S5_;
	_ZNK3MPI4Comm10Bsend_initEPKviRKNS_8DatatypeEii;
	_ZNK3MPI4Comm10Rsend_initEPKviRKNS_8DatatypeEii;
	_ZNK3MPI4Comm10Ssend_initEPKviRKNS_8DatatypeEii;
	_ZNK3MPI4Comm12Get_topologyEv;
	_ZNK3MPI4Comm14Get_errhandlerEv;
	_ZNK3MPI4Comm14Reduce_scatterEPKvPvPiRKNS_8DatatypeERKNS_2OpE;
	_ZNK3MPI4Comm16Sendrecv_replaceEPviRKNS_8DatatypeEiiii;
	_ZNK3MPI4Comm16Sendrecv_replaceEPviRKNS_8DatatypeEiiiiRNS_6StatusE;
	_ZNK3MPI4Comm4RecvEPviRKNS_8DatatypeEii;
	_ZNK3MPI4Comm4RecvEPviRKNS_8DatatypeEiiRNS_6StatusE;
	_ZNK3MPI4Comm4SendEPKviRKNS_8DatatypeEii;
	_ZNK3MPI4Comm5BcastEPviRKNS_8DatatypeEi;
	_ZNK3MPI4Comm5BsendEPKviRKNS_8DatatypeEii;
	_ZNK3MPI4Comm5IrecvEPviRKNS_8DatatypeEii;
	_ZNK3MPI4Comm5IsendEPKviRKNS_8DatatypeEii;
	_ZNK3MPI4Comm5ProbeEii;
	_ZNK3MPI4Comm5ProbeEiiRNS_6StatusE;
	_ZNK3MPI4Comm5RsendEPKviRKNS_8DatatypeEii;
	_ZNK3MPI4Comm5SsendEPKviRKNS_8DatatypeEii;
	_ZNK3MPI4Comm6GatherEPKviRKNS_8DatatypeEPviS5_i;
	_ZNK3MPI4Comm6IbsendEPKviRKNS_8DatatypeEii;
	_ZNK3MPI4Comm6IprobeEii;
	_ZNK3MPI4Comm6IprobeEiiRNS_6StatusE;
	_ZNK3MPI4Comm6IrsendEPKviRKNS_8DatatypeEii;
	_ZNK3MPI4Comm6IssendEPKviRKNS_8DatatypeEii;
	_ZNK3MPI4Comm6ReduceEPKvPviRKNS_8DatatypeERKNS_2OpEi;
	_ZNK3MPI4Comm7BarrierEv;
	_ZNK3MPI4Comm7GathervEPKviRKNS_8DatatypeEPvPKiS8_S5_i;
	_ZNK3MPI4Comm7ScatterEPKviRKNS_8DatatypeEPviS5_i;
	_ZNK3MPI4Comm8AlltoallEPKviRKNS_8DatatypeEPviS5_;
	_ZNK3MPI4Comm8Get_attrEiPv;
	_ZNK3MPI4Comm8Get_nameEPcRi;
	_ZNK3MPI4Comm8Get_rankEv;
	_ZNK3MPI4Comm8Get_sizeEv;
	_ZNK3MPI4Comm8Is_interEv;
	_ZNK3MPI4Comm8ScattervEPKvPKiS4_RKNS_8DatatypeEPviS7_i;
	_ZNK3MPI4Comm8SendrecvEPKviRKNS_8DatatypeEiiPviS5_ii;
	_ZNK3MPI4Comm8SendrecvEPKviRKNS_8DatatypeEiiPviS5_iiRNS_6StatusE;
	_ZNK3MPI4Comm8Set_attrEiPKv;
	_ZNK3MPI4Comm9AllgatherEPKviRKNS_8DatatypeEPviS5_;
	_ZNK3MPI4Comm9AllreduceEPKvPviRKNS_8DatatypeERKNS_2OpE;
	_ZNK3MPI4Comm9AlltoallvEPKvPKiS4_RKNS_8DatatypeEPvS4_S4_S7_;
	_ZNK3MPI4Comm9AlltoallwEPKvPKiS4_PKNS_8DatatypeEPvS4_S4_S7_;
	_ZNK3MPI4Comm9Get_groupEv;
	_ZNK3MPI4Comm9Recv_initEPviRKNS_8DatatypeEii;
	_ZNK3MPI4Comm9Send_initEPKviRKNS_8DatatypeEii;
	_ZNK3MPI4Info10Get_nthkeyEiPc;
	_ZNK3MPI4Info12Get_valuelenEPKcRi;
	_ZNK3MPI4Info3DupEv;
	_ZNK3MPI4Info3GetEPKciPc;
	_ZNK3MPI4Info9Get_nkeysEv;
	_ZNK3MPI5Group10Range_exclEiPA3_Ki;
	_ZNK3MPI5Group10Range_inclEiPA3_Ki;
	_ZNK3MPI5Group4ExclEiPKi;
	_ZNK3MPI5Group4InclEiPKi;
	_ZNK3MPI5Group8Get_rankEv;
	_ZNK3MPI5Group8Get_sizeEv;
	_ZNK3MPI6Status10Get_sourceEv;
	_ZNK3MPI6Status12Get_elementsERKNS_8DatatypeE;
	_ZNK3MPI6Status12Is_cancelledEv;
	_ZNK3MPI6Status7Get_tagEv;
	_ZNK3MPI6Status9Get_countERKNS_8DatatypeE;
	_ZNK3MPI6Status9Get_errorEv;
	_ZNK3MPI7Request10Get_statusERNS_6StatusE;
	_ZNK3MPI7Request10Get_statusEv;
	_ZNK3MPI7Request6CancelEv;
	_ZNK3MPI8Cartcomm10Get_coordsEiiPi;
	_ZNK3MPI8Cartcomm13Get_cart_rankEPKi;
	_ZNK3MPI8Cartcomm3MapEiPKiPKb;
	_ZNK3MPI8Cartcomm3SubEPKb;
	_ZNK3MPI8Cartcomm5CloneEv;
	_ZNK3MPI8Cartcomm5ShiftEiiRiS1_;
	_ZNK3MPI8Cartcomm7Get_dimEv;
	_ZNK3MPI8Cartcomm8Get_topoEiPiPbS1_;
	_ZNK3MPI8Datatype10Get_extentERlS1_;
	_ZNK3MPI8Datatype12Get_contentsEiiiPiPlPS0_;
	_ZNK3MPI8Datatype12Get_envelopeERiS1_S1_S1_;
	_ZNK3MPI8Datatype13Create_darrayEiiiPKiS2_S2_S2_i;
	_ZNK3MPI8Datatype13Create_vectorEiii;
	_ZNK3MPI8Datatype13Pack_externalEPKcPKviPvlRl;
	_ZNK3MPI8Datatype14Create_hvectorEiil;
	_ZNK3MPI8Datatype14Create_indexedEiPKiS2_;
	_ZNK3MPI8Datatype14Create_resizedEll;
	_ZNK3MPI8Datatype15Create_hindexedEiPKiPKl;
	_ZNK3MPI8Datatype15Create_subarrayEiPKiS2_S2_i;
	_ZNK3MPI8Datatype15Get_true_extentERlS1_;
	_ZNK3MPI8Datatype15Unpack_externalEPKcPKvlRlPvi;
	_ZNK3MPI8Datatype17Create_contiguousEi;
	_ZNK3MPI8Datatype18Pack_external_sizeEPKci;
	_ZNK3MPI8Datatype20Create_indexed_blockEiiPKi;
	_ZNK3MPI8Datatype3DupEv;
	_ZNK3MPI8Datatype4PackEPKviPviRiRKNS_4CommE;
	_ZNK3MPI8Datatype6UnpackEPKviPviRiRKNS_4CommE;
	_ZNK3MPI8Datatype8Get_attrEiPv;
	_ZNK3MPI8Datatype8Get_nameEPcRi;
	_ZNK3MPI8Datatype8Get_sizeEv;
	_ZNK3MPI8Datatype9Pack_sizeEiRKNS_4CommE;
	_ZNK3MPI9Graphcomm13Get_neighborsEiiPi;
	_ZNK3MPI9Graphcomm19Get_neighbors_countEi;
	_ZNK3MPI9Graphcomm3MapEiPKiS2_;
	_ZNK3MPI9Graphcomm5CloneEv;
	_ZNK3MPI9Graphcomm8Get_dimsEPiS1_;
	_ZNK3MPI9Graphcomm8Get_topoEiiPiS1_;
	_ZNK3MPI9Intercomm15Get_remote_sizeEv;
	_ZNK3MPI9Intercomm16Get_remote_groupEv;
	_ZNK3MPI9Intercomm5CloneEv;
	_ZNK3MPI9Intercomm5MergeEb;
	_ZNK3MPI9Intercomm5SplitEii;
	_ZNK3MPI9Intercomm6CreateERKNS_5GroupE;
	_ZNK3MPI9Intracomm11Create_cartEiPKiPKbb;
	_ZNK3MPI9Intracomm12Create_graphEiPKiS2_b;
	_ZNK3MPI9Intracomm16Create_intercommEiRKNS_4CommEii;
	_ZNK3MPI9Intracomm4ScanEPKvPviRKNS_8DatatypeERKNS_2OpE;
	_ZNK3MPI9Intracomm5CloneEv;
	_ZNK3MPI9Intracomm5SpawnEPKcPS2_iRKNS_4InfoEi;
	_ZNK3MPI9Intracomm5SpawnEPKcPS2_iRKNS_4InfoEiPi;
	_ZNK3MPI9Intracomm5SplitEii;
	_ZNK3MPI9Intracomm6AcceptEPKcRKNS_4InfoEi;
	_ZNK3MPI9Intracomm6CreateERKNS_5GroupE;
	_ZNK3MPI9Intracomm6ExscanEPKvPviRKNS_8DatatypeERKNS_2OpE;
	_ZNK3MPI9Intracomm7ConnectEPKcRKNS_4InfoEi;
	_ZTIN3MPI10ErrhandlerE;
	_ZTIN3MPI2OpE;
	_ZTIN3MPI3WinE;
	_ZTIN3MPI4CommE;
	_ZTIN3MPI4FileE;
	_ZTIN3MPI4InfoE;
	_ZTIN3MPI5GroupE;
	_ZTIN3MPI6StatusE;
	_ZTIN3MPI7RequestE;
	_ZTIN3MPI8CartcommE;
	_ZTIN3MPI8DatatypeE;
	_ZTIN3MPI8GrequestE;
	_ZTIN3MPI8PrequestE;
	_ZTIN3MPI9Comm_NullE;
	_ZTIN3MPI9GraphcommE;
	_ZTIN3MPI9IntercommE;
	_ZTIN3MPI9IntracommE;
	_ZTSN3MPI10ErrhandlerE;
	_ZTSN3MPI2OpE;
	_ZTSN3MPI3WinE;
	_ZTSN3MPI4CommE;
	_ZTSN3MPI4FileE;
	_ZTSN3MPI4InfoE;
	_ZTSN3MPI5GroupE;
	_ZTSN3MPI6StatusE;
	_ZTSN3MPI7RequestE;
	_ZTSN3MPI8CartcommE;
	_ZTSN3MPI8DatatypeE;
	_ZTSN3MPI8GrequestE;
	_ZTSN3MPI8PrequestE;
	_ZTSN3MPI9Comm_NullE;
	_ZTSN3MPI9GraphcommE;
	_ZTSN3MPI9IntercommE;
	_ZTSN3MPI9IntracommE;
	_ZTVN3MPI10ErrhandlerE;
	_ZTVN3MPI2OpE;
	_ZTVN3MPI3WinE;
	_ZTVN3MPI4CommE;
	_ZTVN3MPI4FileE;
	_ZTVN3MPI4InfoE;
	_ZTVN3MPI5GroupE;
	_ZTVN3MPI6StatusE;
	_ZTVN3MPI7RequestE;
	_ZTVN3MPI8CartcommE;
	_ZTVN3MPI8DatatypeE;
	_ZTVN3MPI8GrequestE;
	_ZTVN3MPI8PrequestE;
	_ZTVN3MPI9Comm_NullE;
	_ZTVN3MPI9GraphcommE;
	_ZTVN3MPI9IntercommE;
	_ZTVN3MPI9IntracommE;
local:
	*;
};

