/* Symbol version map for libmpi_usempi_ignore_tkr.so.20.0.0 (OpenMPI 2.0.0)
 * EXPERIMENTAL
 * Author: Alastair McKinstry <mckinstry@debian.org>
 * 2016-08-03
 */

OMPI_2.0.0 {
global:
	mpi_fortran_argv_null_;
	mpi_fortran_argvs_null_;
	mpi_fortran_bottom_;
	mpi_fortran_errcodes_ignore_;
	mpi_fortran_in_place_;
	mpi_fortran_statuses_ignore_;
	mpi_fortran_status_ignore_;
	mpi_fortran_unweighted_;
	mpi_fortran_weights_empty_;
	mpi_sizeof_complex128_r1_;
	mpi_sizeof_complex128_r2_;
	mpi_sizeof_complex128_r3_;
	mpi_sizeof_complex128_r4_;
	mpi_sizeof_complex128_r5_;
	mpi_sizeof_complex128_r6_;
	mpi_sizeof_complex128_r7_;
	mpi_sizeof_complex128_scalar_;
	mpi_sizeof_complex32_r1_;
	mpi_sizeof_complex32_r2_;
	mpi_sizeof_complex32_r3_;
	mpi_sizeof_complex32_r4_;
	mpi_sizeof_complex32_r5_;
	mpi_sizeof_complex32_r6_;
	mpi_sizeof_complex32_r7_;
	mpi_sizeof_complex32_scalar_;
	mpi_sizeof_complex64_r1_;
	mpi_sizeof_complex64_r2_;
	mpi_sizeof_complex64_r3_;
	mpi_sizeof_complex64_r4_;
	mpi_sizeof_complex64_r5_;
	mpi_sizeof_complex64_r6_;
	mpi_sizeof_complex64_r7_;
	mpi_sizeof_complex64_scalar_;
	mpi_sizeof_int16_r1_;
	mpi_sizeof_int16_r2_;
	mpi_sizeof_int16_r3_;
	mpi_sizeof_int16_r4_;
	mpi_sizeof_int16_r5_;
	mpi_sizeof_int16_r6_;
	mpi_sizeof_int16_r7_;
	mpi_sizeof_int16_scalar_;
	mpi_sizeof_int32_r1_;
	mpi_sizeof_int32_r2_;
	mpi_sizeof_int32_r3_;
	mpi_sizeof_int32_r4_;
	mpi_sizeof_int32_r5_;
	mpi_sizeof_int32_r6_;
	mpi_sizeof_int32_r7_;
	mpi_sizeof_int32_scalar_;
	mpi_sizeof_int64_r1_;
	mpi_sizeof_int64_r2_;
	mpi_sizeof_int64_r3_;
	mpi_sizeof_int64_r4_;
	mpi_sizeof_int64_r5_;
	mpi_sizeof_int64_r6_;
	mpi_sizeof_int64_r7_;
	mpi_sizeof_int64_scalar_;
	mpi_sizeof_int8_r1_;
	mpi_sizeof_int8_r2_;
	mpi_sizeof_int8_r3_;
	mpi_sizeof_int8_r4_;
	mpi_sizeof_int8_r5_;
	mpi_sizeof_int8_r6_;
	mpi_sizeof_int8_r7_;
	mpi_sizeof_int8_scalar_;
	mpi_sizeof_real128_r1_;
	mpi_sizeof_real128_r2_;
	mpi_sizeof_real128_r3_;
	mpi_sizeof_real128_r4_;
	mpi_sizeof_real128_r5_;
	mpi_sizeof_real128_r6_;
	mpi_sizeof_real128_r7_;
	mpi_sizeof_real128_scalar_;
	mpi_sizeof_real32_r1_;
	mpi_sizeof_real32_r2_;
	mpi_sizeof_real32_r3_;
	mpi_sizeof_real32_r4_;
	mpi_sizeof_real32_r5_;
	mpi_sizeof_real32_r6_;
	mpi_sizeof_real32_r7_;
	mpi_sizeof_real32_scalar_;
	mpi_sizeof_real64_r1_;
	mpi_sizeof_real64_r2_;
	mpi_sizeof_real64_r3_;
	mpi_sizeof_real64_r4_;
	mpi_sizeof_real64_r5_;
	mpi_sizeof_real64_r6_;
	mpi_sizeof_real64_r7_;
	mpi_sizeof_real64_scalar_;
	pmpi_sizeof_complex128_r1_;
	pmpi_sizeof_complex128_r2_;
	pmpi_sizeof_complex128_r3_;
	pmpi_sizeof_complex128_r4_;
	pmpi_sizeof_complex128_r5_;
	pmpi_sizeof_complex128_r6_;
	pmpi_sizeof_complex128_r7_;
	pmpi_sizeof_complex128_scalar_;
	pmpi_sizeof_complex32_r1_;
	pmpi_sizeof_complex32_r2_;
	pmpi_sizeof_complex32_r3_;
	pmpi_sizeof_complex32_r4_;
	pmpi_sizeof_complex32_r5_;
	pmpi_sizeof_complex32_r6_;
	pmpi_sizeof_complex32_r7_;
	pmpi_sizeof_complex32_scalar_;
	pmpi_sizeof_complex64_r1_;
	pmpi_sizeof_complex64_r2_;
	pmpi_sizeof_complex64_r3_;
	pmpi_sizeof_complex64_r4_;
	pmpi_sizeof_complex64_r5_;
	pmpi_sizeof_complex64_r6_;
	pmpi_sizeof_complex64_r7_;
	pmpi_sizeof_complex64_scalar_;
	pmpi_sizeof_int16_r1_;
	pmpi_sizeof_int16_r2_;
	pmpi_sizeof_int16_r3_;
	pmpi_sizeof_int16_r4_;
	pmpi_sizeof_int16_r5_;
	pmpi_sizeof_int16_r6_;
	pmpi_sizeof_int16_r7_;
	pmpi_sizeof_int16_scalar_;
	pmpi_sizeof_int32_r1_;
	pmpi_sizeof_int32_r2_;
	pmpi_sizeof_int32_r3_;
	pmpi_sizeof_int32_r4_;
	pmpi_sizeof_int32_r5_;
	pmpi_sizeof_int32_r6_;
	pmpi_sizeof_int32_r7_;
	pmpi_sizeof_int32_scalar_;
	pmpi_sizeof_int64_r1_;
	pmpi_sizeof_int64_r2_;
	pmpi_sizeof_int64_r3_;
	pmpi_sizeof_int64_r4_;
	pmpi_sizeof_int64_r5_;
	pmpi_sizeof_int64_r6_;
	pmpi_sizeof_int64_r7_;
	pmpi_sizeof_int64_scalar_;
	pmpi_sizeof_int8_r1_;
	pmpi_sizeof_int8_r2_;
	pmpi_sizeof_int8_r3_;
	pmpi_sizeof_int8_r4_;
	pmpi_sizeof_int8_r5_;
	pmpi_sizeof_int8_r6_;
	pmpi_sizeof_int8_r7_;
	pmpi_sizeof_int8_scalar_;
	pmpi_sizeof_real128_r1_;
	pmpi_sizeof_real128_r2_;
	pmpi_sizeof_real128_r3_;
	pmpi_sizeof_real128_r4_;
	pmpi_sizeof_real128_r5_;
	pmpi_sizeof_real128_r6_;
	pmpi_sizeof_real128_r7_;
	pmpi_sizeof_real128_scalar_;
	pmpi_sizeof_real32_r1_;
	pmpi_sizeof_real32_r2_;
	pmpi_sizeof_real32_r3_;
	pmpi_sizeof_real32_r4_;
	pmpi_sizeof_real32_r5_;
	pmpi_sizeof_real32_r6_;
	pmpi_sizeof_real32_r7_;
	pmpi_sizeof_real32_scalar_;
	pmpi_sizeof_real64_r1_;
	pmpi_sizeof_real64_r2_;
	pmpi_sizeof_real64_r3_;
	pmpi_sizeof_real64_r4_;
	pmpi_sizeof_real64_r5_;
	pmpi_sizeof_real64_r6_;
	pmpi_sizeof_real64_r7_;
	pmpi_sizeof_real64_scalar_;
local:
	*;
};